Archive member included to satisfy reference by file (symbol)

/usr/lib/gcc/arm-none-eabi/14.2.1/thumb/v6-m/nofp/libgcc.a(_thumb1_case_sqi.o)
                              ./build/sdk_usb_host_hid.o (__gnu_thumb1_case_sqi)
/usr/lib/gcc/arm-none-eabi/14.2.1/thumb/v6-m/nofp/libgcc.a(_thumb1_case_uqi.o)
                              ./build/sdk_clocks.o (__gnu_thumb1_case_uqi)
/usr/lib/gcc/arm-none-eabi/14.2.1/thumb/v6-m/nofp/libgcc.a(_thumb1_case_uhi.o)
                              ./build/lib_canvas.o (__gnu_thumb1_case_uhi)
/usr/lib/gcc/arm-none-eabi/14.2.1/thumb/v6-m/nofp/libgcc.a(_lshrdi3.o)
                              ./build/lib_rand.o (__aeabi_llsr)
/usr/lib/gcc/arm-none-eabi/14.2.1/thumb/v6-m/nofp/libgcc.a(_ashrdi3.o)
                              ./build/lib_rand.o (__aeabi_lasr)
/usr/lib/gcc/arm-none-eabi/14.2.1/thumb/v6-m/nofp/libgcc.a(_ashldi3.o)
                              ./build/sdk_usb_phy.o (__aeabi_llsl)
/usr/lib/gcc/arm-none-eabi/14.2.1/../../../arm-none-eabi/lib/thumb/v6-m/nofp/libc.a(libc_a-memmove.o)
                              ./build/lib_draw.o (memmove)
/usr/lib/gcc/arm-none-eabi/14.2.1/../../../arm-none-eabi/lib/thumb/v6-m/nofp/libc.a(libc_a-memcmp.o)
                              ./build/sdk_usb_host_hid.o (memcmp)

Discarded input sections

 .text          0x00000000        0x0 ./build/crt0_rp2040.o
 .data          0x00000000        0x0 ./build/crt0_rp2040.o
 .bss           0x00000000        0x0 ./build/crt0_rp2040.o
 .text          0x00000000        0x0 ./build/sdk_divider.o
 .data          0x00000000        0x0 ./build/sdk_divider.o
 .bss           0x00000000        0x0 ./build/sdk_divider.o
 .text.DivSaveState
                0x00000000       0x14 ./build/sdk_divider.o
 .text.DivLoadState
                0x00000000       0x14 ./build/sdk_divider.o
 .text.ModS32   0x00000000       0x20 ./build/sdk_divider.o
 .text.ModU32   0x00000000       0x20 ./build/sdk_divider.o
 .text.DivModS32
                0x00000000        0xc ./build/sdk_divider.o
 .text.DivModU32
                0x00000000        0xc ./build/sdk_divider.o
 .text.DivS64   0x00000000       0x64 ./build/sdk_divider.o
 .text.ModS64   0x00000000        0xc ./build/sdk_divider.o
 .text.ModU64   0x00000000        0xc ./build/sdk_divider.o
 .text.DivModS64
                0x00000000        0xc ./build/sdk_divider.o
 .text.DivModU64
                0x00000000        0xc ./build/sdk_divider.o
 .text.UMul     0x00000000       0x2c ./build/sdk_divider.o
 .text.SMul     0x00000000       0x2c ./build/sdk_divider.o
 .text.Sqr      0x00000000       0x18 ./build/sdk_divider.o
 .text          0x00000000        0x0 ./build/sdk_memops_asm.o
 .data          0x00000000        0x0 ./build/sdk_memops_asm.o
 .bss           0x00000000        0x0 ./build/sdk_memops_asm.o
 .text.__wrap___aeabi_memset4
                0x00000000       0x10 ./build/sdk_memops_asm.o
 .text.__wrap___aeabi_memcpy4
                0x00000000        0xc ./build/sdk_memops_asm.o
 .text          0x00000000        0x0 ./build/sdk_double_m0.o
 .data          0x00000000        0x0 ./build/sdk_double_m0.o
 .bss           0x00000000        0x0 ./build/sdk_double_m0.o
 .time_critical.drec
                0x00000000      0x1cc ./build/sdk_double_m0.o
 .time_critical.dcmp
                0x00000000       0x58 ./build/sdk_double_m0.o
 .time_critical.dcmple
                0x00000000       0x10 ./build/sdk_double_m0.o
 .time_critical.dcmpgt
                0x00000000        0xc ./build/sdk_double_m0.o
 .time_critical.dcmpun
                0x00000000       0x18 ./build/sdk_double_m0.o
 .time_critical.fix2double
                0x00000000        0x6 ./build/sdk_double_m0.o
 .time_critical.ufix2double
                0x00000000        0x6 ./build/sdk_double_m0.o
 .time_critical.ul2d
                0x00000000        0x6 ./build/sdk_double_m0.o
 .time_critical.l2d
                0x00000000       0x78 ./build/sdk_double_m0.o
 .time_critical.d2iz
                0x00000000       0x48 ./build/sdk_double_m0.o
 .time_critical.double2int
                0x00000000        0xe ./build/sdk_double_m0.o
 .time_critical.double2int64_z
                0x00000000       0x3e ./build/sdk_double_m0.o
 .time_critical.sqrt
                0x00000000      0x1a2 ./build/sdk_double_m0.o
 .time_critical.dcordic_vec_step
                0x00000000       0x84 ./build/sdk_double_m0.o
 .time_critical.sincostan_remainder
                0x00000000       0x20 ./build/sdk_double_m0.o
 .time_critical.push_r8_r11
                0x00000000        0xc ./build/sdk_double_m0.o
 .time_critical.pop_r8_r11
                0x00000000        0xc ./build/sdk_double_m0.o
 .time_critical.__wrap_sin
                0x00000000       0x1a ./build/sdk_double_m0.o
 .time_critical.__wrap_cos
                0x00000000       0x16 ./build/sdk_double_m0.o
 .time_critical.__wrap_sincos
                0x00000000       0x2c ./build/sdk_double_m0.o
 .time_critical.__wrap_tan
[...]
Memory Configuration

Name             Origin             Length             Attributes
FLASH            0x10000000         0x001ff000         xr
CONFIG           0x101ff000         0x00001000         r
RAM              0x20000000         0x00040000         xrw
SCRATCH_X        0x20040000         0x00001000         xrw
BOOTLOADERRAM    0x20041000         0x00000020         rw
SCRATCH_Y        0x20041020         0x00000fe0         xrw
*default*        0x00000000         0xffffffff

Linker script and memory map


.flash_begin    0x10000000        0x0
                0x10000000                        __flash_binary_start = .

.boot2          0x10000000     0x8000
                0x10000000                        __boot2_start__ = .
 *(.boot2)
 .boot2         0x10000000     0x8000 ./build/loader_picopad10.o
                0x10008000                        __boot2_end__ = .
                0x00000001                        ASSERT (((__boot2_end__ - __boot2_start__) == 0x8000), ERROR: PicoPad bootloader must be 32768 bytes in size)

.boot3          0x10008000      0x22c
                0x10008000                        __logical_binary_start = .
 *(.vectors)
 .vectors       0x10008000       0xc0 ./build/crt0_rp2040.o
                0x10008000                __vectors
 *(.picopad_info_header)
 .picopad_info_header
                0x100080c0       0x18 ./build/crt0_rp2040.o
                0x100080c0                picopad_info_header
 *(.binary_info_header)
 .binary_info_header
                0x100080d8       0x14 ./build/crt0_rp2040.o
                0x100080ec                        __binary_info_header_end = .
 *(.embedded_block)
 .embedded_block
                0x100080ec       0x24 ./build/crt0_rp2040.o
                0x10008110                        __embedded_block_end = .
 *(.vector_handlers)
 .vector_handlers
                0x10008110       0x78 ./build/crt0_rp2040.o
                0x10008110                isr_irq30
                0x10008110                isr_irq13
                0x10008110                isr_irq27
                0x10008110                isr_irq31
                0x10008110                isr_pendsv
                0x10008110                isr_irq5
                0x10008110                isr_irq11
                0x10008110                isr_nmi
                0x10008110                isr_irq23
                0x10008110                isr_irq18
                0x10008110                isr_hardfault
                0x10008110                isr_irq28
                0x10008110                isr_irq19
                0x10008110                isr_irq0
                0x10008110                isr_irq6
                0x10008110                isr_invalid
                0x10008110                unhandled_irq
                0x10008110                isr_irq22
                0x10008110                isr_irq17
                0x10008110                isr_irq14
                0x10008110                isr_irq2
                0x10008110                isr_irq10
                0x10008110                isr_irq8
                0x10008110                isr_irq24
                0x10008110                isr_irq1
                0x10008110                isr_irq7
                0x10008110                isr_irq21
                0x10008110                isr_irq20
                0x10008110                isr_irq15
                0x10008110                isr_irq25
                0x10008110                isr_svcall
                0x10008110                isr_irq4
                0x10008110                isr_irq16
                0x10008110                isr_irq29
                0x10008110                isr_irq26
                0x10008110                isr_irq3
                0x10008110                isr_systick
                0x10008110                isr_irq12
                0x10008110                isr_irq9
                0x1000814e                FatalErrorStop
 *(.reset)
 .reset         0x10008188       0xa4 ./build/crt0_rp2040.o
                0x10008188                _reset_handler
                0x100081c4                Core1ExitBootrom
                0x100081e4                GoToApp
                0x100081f2                GoToAppRam

.text           0x10008230     0x7250
 *(.init)
 *(EXCLUDE_FILE(*libm.a: *libc.a:*lib_a-mem*.o *libgcc.a:) .text*)
 .text.DivS32   0x10008230       0x24 ./build/sdk_divider.o
                0x10008230                __wrap___aeabi_idivmod
                0x10008230                __wrap___aeabi_idiv
                0x10008230                DivS32
 .text.DivU32   0x10008254       0x24 ./build/sdk_divider.o
                0x10008254                __wrap___aeabi_uidiv
                0x10008254                __wrap___aeabi_uidivmod
                0x10008254                DivU32
 .text.DivU64   0x10008278       0xc8 ./build/sdk_divider.o
                0x10008278                __wrap___aeabi_uldiv
                0x10008278                DivU64
                0x10008278                __wrap___aeabi_uldivmod
 .text.UMul64   0x10008340       0x34 ./build/sdk_divider.o
                0x10008340                SMul64
                0x10008340                __wrap___aeabi_lmul
                0x10008340                UMul64
 .text.__wrap___aeabi_memset
                0x10008374       0x10 ./build/sdk_memops_asm.o
                0x10008374                __wrap___aeabi_memset
                0x1000837a                __wrap_memset
 .text.__wrap___aeabi_memcpy
                0x10008384        0xc ./build/sdk_memops_asm.o
                0x10008384                __wrap___aeabi_memcpy
                0x10008384                __wrap_memcpy
 .text.BatInit  0x10008390        0xe ./build/picopad_bat.o
                0x10008390                BatInit
 *fill*         0x1000839e        0x2 
 .text.BatTerm  0x100083a0       0x14 ./build/picopad_bat.o
                0x100083a0                BatTerm
 .text.KeyInit  0x100083b4       0x58 ./build/picopad_key.o
                0x100083b4                KeyInit
 .text.KeyTerm  0x1000840c       0x18 ./build/picopad_key.o
                0x1000840c                KeyTerm
 .text.KeyWriteKey
                0x10008424       0x34 ./build/picopad_key.o
                0x10008424                KeyWriteKey
 .text.KeyScan  0x10008458       0x94 ./build/picopad_key.o
                0x10008458                KeyScan
 .text.KeyPressed
                0x100084ec       0x1c ./build/picopad_key.o
                0x100084ec                KeyPressed
 .text.KeyGetRel
                0x10008508       0x44 ./build/picopad_key.o
                0x10008508                KeyGetRel
 .text.KeyGet   0x1000854c        0xe ./build/picopad_key.o
                0x1000854c                KeyGet
 *fill*         0x1000855a        0x2 
 .text.KeyNoPressed
                0x1000855c       0x1c ./build/picopad_key.o
                0x1000855c                KeyNoPressed
 .text.KeyWaitNoPressed
                0x10008578        0xc ./build/picopad_key.o
                0x10008578                KeyWaitNoPressed
 .text.LedInit  0x10008584       0x5c ./build/picopad_led.o
                0x10008584                LedInit
 .text.LedTerm  0x100085e0       0x18 ./build/picopad_led.o
                0x100085e0                LedTerm
 .text.DeviceInit
                0x100085f8       0x1e ./build/picopad_init.o
                0x100085f8                DeviceInit
 .text.DeviceTerm
                0x10008616       0x1c ./build/picopad_init.o
                0x10008616                DeviceTerm
 .text.ADC_Term
                0x10008632        0xa ./build/sdk_adc.o
                0x10008632                ADC_Term
 .text.ADC_Init
                0x1000863c       0x34 ./build/sdk_adc.o
                0x1000863c                ADC_Init
 .text.ADC_PinInit
                0x10008670       0x24 ./build/sdk_adc.o
                0x10008670                ADC_PinInit
 .text.ADC_PinTerm
                0x10008694        0x8 ./build/sdk_adc.o
                0x10008694                ADC_PinTerm
 .text.RomFunc  0x1000869c       0x10 ./build/sdk_bootrom.o
                0x1000869c                RomFunc
 .text.RomData  0x100086ac       0x10 ./build/sdk_bootrom.o
                0x100086ac                RomData
 .text.RomFncInit
                0x100086bc      0x124 ./build/sdk_bootrom.o
                0x100086bc                RomFncInit
 .text.ClockSetup
                0x100087e0      0x13c ./build/sdk_clocks.o
                0x100087e0                ClockSetup
 .text.ClockInit
                0x1000891c       0xd0 ./build/sdk_clocks.o
                0x1000891c                ClockInit
 .text.ClockPllSysFreq
                0x100089ec       0x3c ./build/sdk_clocks.o
                0x100089ec                ClockPllSysFreq
 .text.StackFeed
                0x10008a28       0x58 ./build/sdk_cpu.o
                0x10008a28                StackFeed
 .text.DMA_Abort
                0x10008a80       0xec ./build/sdk_dma.o
                0x10008a80                DMA_Abort
 .text.FatalErrorMsgText
                0x10008b6c       0x24 ./build/sdk_fatal.o
 .text.FatalErrorMsg
                0x10008b90      0x188 ./build/sdk_fatal.o
                0x10008b90                FatalErrorMsg
 .text.FifoWrite
                0x10008d18       0x14 ./build/sdk_fifo.o
                0x10008d18                FifoWrite
 .text.FifoRead
                0x10008d2c       0x18 ./build/sdk_fifo.o
                0x10008d2c                FifoRead
 .text.Boot2Check
                0x10008d44       0x20 ./build/sdk_flash.o
                0x10008d44                Boot2Check
 .text.FlashLoadInfo
                0x10008d64       0xc4 ./build/sdk_flash.o
                0x10008d64                FlashLoadInfo
 .text.FloatInit
                0x10008e28       0x20 ./build/sdk_float.o
                0x10008e28                FloatInit
 .text.GPIO_Fnc
                0x10008e48       0x30 ./build/sdk_gpio.o
                0x10008e48                GPIO_Fnc
 .text.GPIO_IRQAck
                0x10008e78       0x18 ./build/sdk_gpio.o
                0x10008e78                GPIO_IRQAck
 .text.GPIO_IRQDisableCpu
                0x10008e90       0x24 ./build/sdk_gpio.o
                0x10008e90                GPIO_IRQDisableCpu
 .text.GPIO_IRQUnforceCpu
                0x10008eb4       0x24 ./build/sdk_gpio.o
                0x10008eb4                GPIO_IRQUnforceCpu
 .text.GPIO_Reset
                0x10008ed8       0x60 ./build/sdk_gpio.o
                0x10008ed8                GPIO_Reset
 .text.GPIO_Init
                0x10008f38       0x1e ./build/sdk_gpio.o
                0x10008f38                GPIO_Init
 *fill*         0x10008f56        0x2 
 .text.NVIC_IRQPrio
                0x10008f58       0x28 ./build/sdk_irq.o
                0x10008f58                NVIC_IRQPrio
 .text.NVIC_IRQPrioDef
                0x10008f80       0x48 ./build/sdk_irq.o
                0x10008f80                NVIC_IRQPrioDef
 .text.Core1Trampoline
                0x10008fc8        0x2 ./build/sdk_multicore.o
 *fill*         0x10008fca        0x2 
 .text.Core1Wrapper
                0x10008fcc       0x24 ./build/sdk_multicore.o
                0x10008fcc                Core1Wrapper
 .text.Core1Reset
                0x10008ff0       0x78 ./build/sdk_multicore.o
                0x10008ff0                Core1Reset
 .text.Core1Exec
                0x10009068       0xc4 ./build/sdk_multicore.o
                0x10009068                Core1Exec
 .text.PllSetup
                0x1000912c       0x7c ./build/sdk_pll.o
                0x1000912c                PllSetup
 .text.PllCalc  0x100091a8       0xd4 ./build/sdk_pll.o
                0x100091a8                PllCalc
 .text.PllCalcDef
                0x1000927c       0x4c ./build/sdk_pll.o
                0x1000927c                PllCalcDef
 .text.PllSetFreq
                0x100092c8       0x42 ./build/sdk_pll.o
                0x100092c8                PllSetFreq
 *fill*         0x1000930a        0x2 
 .text.PWM_Reset
                0x1000930c       0x38 ./build/sdk_pwm.o
                0x1000930c                PWM_Reset
 .text.PWM_Clock
                0x10009344       0x44 ./build/sdk_pwm.o
                0x10009344                PWM_Clock
 .text.PWM_GetClock
                0x10009388       0x38 ./build/sdk_pwm.o
                0x10009388                PWM_GetClock
 .text.PWM_FindSysClk
                0x100093c0       0xe4 ./build/sdk_pwm.o
                0x100093c0                PWM_FindSysClk
 .text.ResetPeripheryOffWaitMask
                0x100094a4       0x18 ./build/sdk_reset.o
                0x100094a4                ResetPeripheryOffWaitMask
 .text.ResetPeripheryMask
                0x100094bc       0x10 ./build/sdk_reset.o
                0x100094bc                ResetPeripheryMask
 .text.RoscGetDiv
                0x100094cc       0x18 ./build/sdk_rosc.o
                0x100094cc                RoscGetDiv
 .text.RoscInit
                0x100094e4       0x64 ./build/sdk_rosc.o
                0x100094e4                RoscInit
 .text.RoscRand
                0x10009548       0x98 ./build/sdk_rosc.o
                0x10009548                RoscRand
 .text.RtcInit  0x100095e0       0x20 ./build/sdk_rtc.o
                0x100095e0                RtcInit
 .text.RuntimeInit
                0x10009600       0xe0 ./build/sdk_runtime.o
                0x10009600                RuntimeInit
 .text.SPI_Reset_hw
                0x100096e0       0x1c ./build/sdk_spi.o
                0x100096e0                SPI_Reset_hw
 .text.SPI_Term_hw
                0x100096fc       0x20 ./build/sdk_spi.o
                0x100096fc                SPI_Term_hw
 .text.SPI_Baudrate_hw
                0x1000971c       0xd0 ./build/sdk_spi.o
                0x1000971c                SPI_Baudrate_hw
 .text.SPI_Init_hw
                0x100097ec       0x4e ./build/sdk_spi.o
                0x100097ec                SPI_Init_hw
 .text.SPI_Send8_hw
                0x1000983a       0x4c ./build/sdk_spi.o
                0x1000983a                SPI_Send8_hw
 *fill*         0x10009886        0x2 
 .text.SPI_Send8DMA_hw
                0x10009888       0x80 ./build/sdk_spi.o
                0x10009888                SPI_Send8DMA_hw
 .text.SpinResetAll
                0x10009908       0x28 ./build/sdk_spinlock.o
                0x10009908                SpinResetAll
 .text.SysTick_Handler
                0x10009930       0x7c ./build/sdk_systick.o
                0x10009930                SysTick_Handler
 .text.SysTickInit
                0x100099ac       0x78 ./build/sdk_systick.o
                0x100099ac                SysTickInit
 .text.WaitUs   0x10009a24       0x14 ./build/sdk_timer.o
                0x10009a24                WaitUs
 .text.WaitMs   0x10009a38        0xe ./build/sdk_timer.o
                0x10009a38                WaitMs
 *fill*         0x10009a46        0x2 
 .text.VregSetVoltage
                0x10009a48       0x20 ./build/sdk_vreg.o
                0x10009a48                VregSetVoltage
 .text.WatchdogStart
                0x10009a68       0x10 ./build/sdk_watchdog.o
                0x10009a68                WatchdogStart
 .text.WatchdogSetup
                0x10009a78       0x64 ./build/sdk_watchdog.o
                0x10009a78                WatchdogSetup
 .text.ResetToBootLoader
                0x10009adc       0x24 ./build/sdk_watchdog.o
                0x10009adc                ResetToBootLoader
 .text.XoscEnable
                0x10009b00       0x1c ./build/sdk_xosc.o
                0x10009b00                XoscEnable
 .text.XoscInit
                0x10009b1c       0x2c ./build/sdk_xosc.o
                0x10009b1c                XoscInit
 .text.UsbHostDevEp
                0x10009b48       0x54 ./build/sdk_usb_host.o
                0x10009b48                UsbHostDevEp
 .text.UsbHostIsBusy
                0x10009b9c       0x20 ./build/sdk_usb_host.o
                0x10009b9c                UsbHostIsBusy
 .text.UsbHostSetupIdle
                0x10009bbc       0x1c ./build/sdk_usb_host.o
                0x10009bbc                UsbHostSetupIdle
 .text.UsbHostParseCfg
                0x10009bd8       0xc0 ./build/sdk_usb_host.o
                0x10009bd8                UsbHostParseCfg
 .text.UsbHostCfgComp
                0x10009c98       0x44 ./build/sdk_usb_host.o
                0x10009c98                UsbHostCfgComp
 .text.UsbHostOnTime
                0x10009cdc       0x18 ./build/sdk_usb_host.o
                0x10009cdc                UsbHostOnTime
 .text.UsbHostEpInit
                0x10009cf4      0x118 ./build/sdk_usb_host.o
                0x10009cf4                UsbHostEpInit
 .text.UsbHostEpAlloc
                0x10009e0c       0x20 ./build/sdk_usb_host.o
                0x10009e0c                UsbHostEpAlloc
 .text.UsbHostEpOpen
                0x10009e2c       0x42 ./build/sdk_usb_host.o
                0x10009e2c                UsbHostEpOpen
 .text.UsbHostEp0Open
                0x10009e6e       0x16 ./build/sdk_usb_host.o
                0x10009e6e                UsbHostEp0Open
 .text.UsbHostDevClose
                0x10009e84       0x74 ./build/sdk_usb_host.o
                0x10009e84                UsbHostDevClose
 .text.UsbHostEnumStop
                0x10009ef8       0x48 ./build/sdk_usb_host.o
                0x10009ef8                UsbHostEnumStop
 .text.UsbHostOpenEpPair
                0x10009f40       0x74 ./build/sdk_usb_host.o
                0x10009f40                UsbHostOpenEpPair
 .text.UsbHostClrDev
                0x10009fb4       0x34 ./build/sdk_usb_host.o
                0x10009fb4                UsbHostClrDev
 .text.UsbHostDevRemove
                0x10009fe8       0x68 ./build/sdk_usb_host.o
                0x10009fe8                UsbHostDevRemove
 .text.UsbHostInit
                0x1000a050       0xf4 ./build/sdk_usb_host.o
                0x1000a050                UsbHostInit
 .text.UsbHostXferStart
                0x1000a144       0xc8 ./build/sdk_usb_host.o
                0x1000a144                UsbHostXferStart
 .text.UsbHostSetupComp
                0x1000a20c       0x68 ./build/sdk_usb_host.o
                0x1000a20c                UsbHostSetupComp
 .text.UsbHostComp
                0x1000a274       0x50 ./build/sdk_usb_host.o
                0x1000a274                UsbHostComp
 .text.UsbHostSetupSend
                0x1000a2c4       0x80 ./build/sdk_usb_host.o
                0x1000a2c4                UsbHostSetupSend
 .text.UsbHostCtrlXfer
                0x1000a344       0x3c ./build/sdk_usb_host.o
                0x1000a344                UsbHostCtrlXfer
 .text.UsbHostGetDesc
                0x1000a380       0x28 ./build/sdk_usb_host.o
                0x1000a380                UsbHostGetDesc
 .text.UsbHostEnum
                0x1000a3a8      0x224 ./build/sdk_usb_host.o
                0x1000a3a8                UsbHostEnum
 .text.UsbHostIrq
                0x1000a5cc      0x1c4 ./build/sdk_usb_host.o
                0x1000a5cc                UsbHostIrq
 .text.UsbHostHidInxIsMounted
                0x1000a790       0x24 ./build/sdk_usb_host_hid.o
                0x1000a790                UsbHostHidInxIsMounted
 .text.UsbHostHidFindItf
                0x1000a7b4       0x2c ./build/sdk_usb_host_hid.o
                0x1000a7b4                UsbHostHidFindItf
 .text.UsbHostHidCfgGetRepDesc
                0x1000a7e0       0x4c ./build/sdk_usb_host_hid.o
                0x1000a7e0                UsbHostHidCfgGetRepDesc
 .text.UsbHostHidCfgSetProt
                0x1000a82c       0x58 ./build/sdk_usb_host_hid.o
                0x1000a82c                UsbHostHidCfgSetProt
 .text.UsbHostHidFindAddr
                0x1000a884       0x34 ./build/sdk_usb_host_hid.o
                0x1000a884                UsbHostHidFindAddr
 .text.UsbHostHidNewItf
                0x1000a8b8       0x3c ./build/sdk_usb_host_hid.o
                0x1000a8b8                UsbHostHidNewItf
 .text.UsbHostHidInxSend
                0x1000a8f4       0x48 ./build/sdk_usb_host_hid.o
                0x1000a8f4                UsbHostHidInxSend
 .text.UsbHostHidAllSend
                0x1000a93c       0x1c ./build/sdk_usb_host_hid.o
                0x1000a93c                UsbHostHidAllSend
 .text.UsbHostHidInxRecv
                0x1000a958       0x3c ./build/sdk_usb_host_hid.o
                0x1000a958                UsbHostHidInxRecv
 .text.UsbHostHidAllRecv
                0x1000a994       0x1c ./build/sdk_usb_host_hid.o
                0x1000a994                UsbHostHidAllRecv
 .text.UsbHostHidInit
                0x1000a9b0       0x64 ./build/sdk_usb_host_hid.o
                0x1000a9b0                UsbHostHidInit
 .text.UsbHostHidTerm
                0x1000aa14       0x20 ./build/sdk_usb_host_hid.o
                0x1000aa14                UsbHostHidTerm
 .text.UsbHostHidOpen
                0x1000aa34       0xb4 ./build/sdk_usb_host_hid.o
                0x1000aa34                UsbHostHidOpen
 .text.UsbHostHidParse
                0x1000aae8       0xf0 ./build/sdk_usb_host_hid.o
                0x1000aae8                UsbHostHidParse
 .text.UsbHostHidCfgComp
                0x1000abd8       0x78 ./build/sdk_usb_host_hid.o
                0x1000abd8                UsbHostHidCfgComp
 .text.UsbHostHidCfg
                0x1000ac50       0x40 ./build/sdk_usb_host_hid.o
                0x1000ac50                UsbHostHidCfg
 .text.UsbHostHidFindKey
                0x1000ac90       0x18 ./build/sdk_usb_host_hid.o
                0x1000ac90                UsbHostHidFindKey
 .text.UsbHostHidRepKey
                0x1000aca8       0x7c ./build/sdk_usb_host_hid.o
                0x1000aca8                UsbHostHidRepKey
 .text.UsbHostHidComp
                0x1000ad24      0x204 ./build/sdk_usb_host_hid.o
                0x1000ad24                UsbHostHidComp
 .text.UsbHostHidClose
                0x1000af28       0x5c ./build/sdk_usb_host_hid.o
                0x1000af28                UsbHostHidClose
 .text.UsbHostHidSof
                0x1000af84       0x10 ./build/sdk_usb_host_hid.o
                0x1000af84                UsbHostHidSof
 .text.UsbHostHidSched
                0x1000af94        0x8 ./build/sdk_usb_host_hid.o
                0x1000af94                UsbHostHidSched
 .text.UsbGetKey
                0x1000af9c       0x20 ./build/sdk_usb_host_hid.o
                0x1000af9c                UsbGetKey
 .text.UsbKeyIsPressed
                0x1000afbc       0x68 ./build/sdk_usb_host_hid.o
                0x1000afbc                UsbKeyIsPressed
 .text.UsbMemcpy
                0x1000b024       0x12 ./build/sdk_usb_phy.o
                0x1000b024                UsbMemcpy
 *fill*         0x1000b036        0x2 
 .text.UsbIntEnable
                0x1000b038       0x14 ./build/sdk_usb_phy.o
                0x1000b038                UsbIntEnable
 .text.UsbIntDisable
                0x1000b04c       0x14 ./build/sdk_usb_phy.o
                0x1000b04c                UsbIntDisable
 .text.UsbGetDevSpeed
                0x1000b060       0x10 ./build/sdk_usb_phy.o
                0x1000b060                UsbGetDevSpeed
 .text.UsbDelay12
                0x1000b070        0xe ./build/sdk_usb_phy.o
                0x1000b070                UsbDelay12
 *fill*         0x1000b07e        0x2 
 .text.UsbNextPrep
                0x1000b080       0x94 ./build/sdk_usb_phy.o
                0x1000b080                UsbNextPrep
 .text.UsbNextBuf
                0x1000b114       0xa4 ./build/sdk_usb_phy.o
                0x1000b114                UsbNextBuf
 .text.UsbXferStart
                0x1000b1b8       0x2c ./build/sdk_usb_phy.o
                0x1000b1b8                UsbXferStart
 .text.UsbXferSync
                0x1000b1e4       0x84 ./build/sdk_usb_phy.o
                0x1000b1e4                UsbXferSync
 .text.UsbXferCont
                0x1000b268       0x48 ./build/sdk_usb_phy.o
                0x1000b268                UsbXferCont
 .text.UsbRamAlloc
                0x1000b2b0       0xa0 ./build/sdk_usb_phy.o
                0x1000b2b0                UsbRamAlloc
 .text.UsbRamFree
                0x1000b350       0x44 ./build/sdk_usb_phy.o
                0x1000b350                UsbRamFree
 .text.UsbEpBindDrv
                0x1000b394       0x28 ./build/sdk_usb_phy.o
                0x1000b394                UsbEpBindDrv
 .text.UsbTerm  0x1000b3bc       0x98 ./build/sdk_usb_phy.o
                0x1000b3bc                UsbTerm
 .text.UsbPhyInit
                0x1000b454       0x58 ./build/sdk_usb_phy.o
                0x1000b454                UsbPhyInit
 .text.AlarmUpdate
                0x1000b4ac       0x40 ./build/lib_alarm.o
                0x1000b4ac                AlarmUpdate
 .text.AlarmInit
                0x1000b4ec       0x18 ./build/lib_alarm.o
                0x1000b4ec                AlarmInit
 .text.ConfigGetCRC
                0x1000b504        0xc ./build/lib_config.o
                0x1000b504                ConfigGetCRC
 .text.ConfigSetDef
                0x1000b510       0x3c ./build/lib_config.o
                0x1000b510                ConfigSetDef
 .text.ConfigLoad
                0x1000b54c       0x50 ./build/lib_config.o
                0x1000b54c                ConfigLoad
 .text.Crc32ABufSlow
                0x1000b59c       0x30 ./build/lib_crc.o
                0x1000b59c                Crc32ABufSlow
 .text.Crc32ASlow
                0x1000b5cc       0x10 ./build/lib_crc.o
                0x1000b5cc                Crc32ASlow
 .text.Crc16ABufFast
                0x1000b5dc       0x34 ./build/lib_crc.o
                0x1000b5dc                Crc16ABufFast
 .text.Crc16AFast
                0x1000b610       0x14 ./build/lib_crc.o
                0x1000b610                Crc16AFast
 .text.DecUNum  0x1000b624       0x6e ./build/lib_decnum.o
                0x1000b624                DecUNum
 .text.DecHexDig
                0x1000b692       0x12 ./build/lib_decnum.o
                0x1000b692                DecHexDig
 .text.SelFontUpdate
                0x1000b6a4       0x34 ./build/lib_draw.o
                0x1000b6a4                SelFontUpdate
 .text.SelFont8x16
                0x1000b6d8       0x2c ./build/lib_draw.o
                0x1000b6d8                SelFont8x16
 .text.DrawRect
                0x1000b704       0x88 ./build/lib_draw.o
                0x1000b704                DrawRect
 .text.DrawFrameW
                0x1000b78c       0x8e ./build/lib_draw.o
                0x1000b78c                DrawFrameW
 .text.DrawClearCol
                0x1000b81a       0x14 ./build/lib_draw.o
                0x1000b81a                DrawClearCol
 .text.DrawClear
                0x1000b82e        0xa ./build/lib_draw.o
                0x1000b82e                DrawClear
 .text.DrawPoint
                0x1000b838       0x24 ./build/lib_draw.o
                0x1000b838                DrawPoint
 .text.DrawChar
                0x1000b85c       0xf0 ./build/lib_draw.o
                0x1000b85c                DrawChar
 .text.DrawText
                0x1000b94c       0x2c ./build/lib_draw.o
                0x1000b94c                DrawText
 .text.DrawImgPal
                0x1000b978       0xd4 ./build/lib_draw.o
                0x1000b978                DrawImgPal
 .text.DrawImg4Pal
                0x1000ba4c      0x100 ./build/lib_draw.o
                0x1000ba4c                DrawImg4Pal
 .text.DrawScrollRect
                0x1000bb4c       0xe8 ./build/lib_draw.o
                0x1000bb4c                DrawScrollRect
 .text.EventRingInit
                0x1000bc34        0xe ./build/lib_event.o
                0x1000bc34                EventRingInit
 .text.EventRingClear
                0x1000bc42        0xc ./build/lib_event.o
                0x1000bc42                EventRingClear
 *fill*         0x1000bc4e        0x2 
 .text.EventRingWrite
                0x1000bc50       0x88 ./build/lib_event.o
                0x1000bc50                EventRingWrite
 .text.EventRingRead
                0x1000bcd8       0x8c ./build/lib_event.o
                0x1000bcd8                EventRingRead
 .text.ListInit
                0x1000bd64        0x6 ./build/lib_list.o
                0x1000bd64                ListInit
 .text.ListGetFirst
                0x1000bd6a        0x4 ./build/lib_list.o
                0x1000bd6a                ListGetFirst
 .text.NumListInit
                0x1000bd6e        0xa ./build/lib_list.o
                0x1000bd6e                NumListInit
 .text.NumListAddFirst
                0x1000bd78       0x12 ./build/lib_list.o
                0x1000bd78                NumListAddFirst
 *fill*         0x1000bd8a        0x2 
 .text.MemInit  0x1000bd8c       0x6c ./build/lib_malloc.o
                0x1000bd8c                MemInit
 .text.StreamPrintArg
                0x1000bdf8     0x14e0 ./build/lib_print.o
                0x1000bdf8                StreamPrintArg
 .text.MemPrintArg
                0x1000d2d8       0x44 ./build/lib_print.o
                0x1000d2d8                MemPrintArg
 .text.MemPrint
                0x1000d31c       0x16 ./build/lib_print.o
                0x1000d31c                MemPrint
 *fill*         0x1000d332        0x2 
 .text.PWMSndIrq
                0x1000d334      0x66c ./build/lib_pwmsnd.o
                0x1000d334                PWMSndIrq
 .text.PWMSndInit
                0x1000d9a0      0x120 ./build/lib_pwmsnd.o
                0x1000d9a0                PWMSndInit
 .text.PWMSndTerm
                0x1000dac0       0x64 ./build/lib_pwmsnd.o
                0x1000dac0                PWMSndTerm
 .text.StopSoundChan
                0x1000db24       0x1c ./build/lib_pwmsnd.o
                0x1000db24                StopSoundChan
 .text.SoundByteToLen
                0x1000db40       0x2c ./build/lib_pwmsnd.o
                0x1000db40                SoundByteToLen
 .text.PlaySoundChan
                0x1000db6c      0x124 ./build/lib_pwmsnd.o
                0x1000db6c                PlaySoundChan
 .text.PlaySound
                0x1000dc90       0x1e ./build/lib_pwmsnd.o
                0x1000dc90                PlaySound
 *fill*         0x1000dcae        0x2 
 .text.RandShift
                0x1000dcb0       0x40 ./build/lib_rand.o
                0x1000dcb0                RandShift
 .text.RandInit
                0x1000dcf0       0x54 ./build/lib_rand.o
                0x1000dcf0                RandInit
 .text.RingWriteUpdate
                0x1000dd44        0xc ./build/lib_ring.o
                0x1000dd44                RingWriteUpdate
 .text.RingReadUpdate
                0x1000dd50        0xc ./build/lib_ring.o
                0x1000dd50                RingReadUpdate
 .text.RingWriteData
                0x1000dd5c       0xa0 ./build/lib_ring.o
                0x1000dd5c                RingWriteData
 .text.RingReadData
                0x1000ddfc       0x98 ./build/lib_ring.o
                0x1000ddfc                RingReadData
 .text.SDInit   0x1000de94       0x94 ./build/lib_sd.o
                0x1000de94                SDInit
 .text.SDTerm   0x1000df28       0x30 ./build/lib_sd.o
                0x1000df28                SDTerm
 .text.StreamWrite0
                0x1000df58        0x4 ./build/lib_stream.o
                0x1000df58                StreamWrite0
 .text.StreamRead0
                0x1000df5c        0x4 ./build/lib_stream.o
                0x1000df5c                StreamRead0
 .text.StreamWriteBuf
                0x1000df60       0x34 ./build/lib_stream.o
                0x1000df60                StreamWriteBuf
 .text.StreamReadBuf
                0x1000df94       0x34 ./build/lib_stream.o
                0x1000df94                StreamReadBuf
 .text.Stream0Init
                0x1000dfc8       0x20 ./build/lib_stream.o
                0x1000dfc8                Stream0Init
 .text.StreamReadBufInit
                0x1000dfe8       0x1c ./build/lib_stream.o
                0x1000dfe8                StreamReadBufInit
 .text.StreamWriteBufInit
                0x1000e004       0x1c ./build/lib_stream.o
                0x1000e004                StreamWriteBufInit
 .text.StrLen   0x1000e020       0x14 ./build/lib_text.o
                0x1000e020                StrLen
 .text.EmuSyncInit
                0x1000e034       0x58 ./build/emu.o
                0x1000e034                EmuSyncInit
 .text.I4004_Reset
                0x1000e08c       0x40 ./build/emu.o
                0x1000e08c                I4004_Reset
 .text.I4004_ExecCore1
                0x1000e0cc       0x20 ./build/emu.o
 .text.I4004_Stop
                0x1000e0ec       0x28 ./build/emu.o
                0x1000e0ec                I4004_Stop
 .text.I4004_Start
                0x1000e114       0x44 ./build/emu.o
                0x1000e114                I4004_Start
 .text.DispWriteCmd
                0x1000e158       0x28 ./build/st7789.o
                0x1000e158                DispWriteCmd
 .text.DispWriteData
                0x1000e180       0x24 ./build/st7789.o
                0x1000e180                DispWriteData
 .text.DispWriteDataDMA
                0x1000e1a4       0x2c ./build/st7789.o
                0x1000e1a4                DispWriteDataDMA
 .text.DispWriteCmdData
                0x1000e1d0       0x38 ./build/st7789.o
                0x1000e1d0                DispWriteCmdData
 .text.DispHardReset
                0x1000e208       0x2c ./build/st7789.o
                0x1000e208                DispHardReset
 .text.DispSoftReset
                0x1000e234       0x10 ./build/st7789.o
                0x1000e234                DispSoftReset
 .text.DispSleepDisable
                0x1000e244        0xa ./build/st7789.o
                0x1000e244                DispSleepDisable
 .text.DispInvEnable
                0x1000e24e        0xa ./build/st7789.o
                0x1000e24e                DispInvEnable
 .text.DispColorMode
                0x1000e258       0x12 ./build/st7789.o
                0x1000e258                DispColorMode
 *fill*         0x1000e26a        0x2 
 .text.DispRotation
                0x1000e26c       0x14 ./build/st7789.o
                0x1000e26c                DispRotation
 .text.DispWindow
                0x1000e280       0x3a ./build/st7789.o
                0x1000e280                DispWindow
 *fill*         0x1000e2ba        0x2 
 .text.DispStartImg
                0x1000e2bc       0x48 ./build/st7789.o
                0x1000e2bc                DispStartImg
 .text.DispSendImg2
                0x1000e304       0x40 ./build/st7789.o
                0x1000e304                DispSendImg2
 .text.DispStopImg
                0x1000e344       0x48 ./build/st7789.o
                0x1000e344                DispStopImg
 .text.DispDirtyAll
                0x1000e38c       0x2c ./build/st7789.o
                0x1000e38c                DispDirtyAll
 .text.DispDirtyNone
                0x1000e3b8       0x2c ./build/st7789.o
                0x1000e3b8                DispDirtyNone
 .text.DispDirtyRect
                0x1000e3e4       0x70 ./build/st7789.o
                0x1000e3e4                DispDirtyRect
 .text.DispDirtyPoint
                0x1000e454       0x4c ./build/st7789.o
                0x1000e454                DispDirtyPoint
 .text.DispUpdate
                0x1000e4a0       0xc8 ./build/st7789.o
                0x1000e4a0                DispUpdate
 .text.DispUpdateAll
                0x1000e568        0xc ./build/st7789.o
                0x1000e568                DispUpdateAll
 .text.DispBacklight
                0x1000e574       0x18 ./build/st7789.o
                0x1000e574                DispBacklight
 .text.DispBacklightUpdate
                0x1000e58c       0x10 ./build/st7789.o
                0x1000e58c                DispBacklightUpdate
 .text.DispInit
                0x1000e59c      0x12c ./build/st7789.o
                0x1000e59c                DispInit
 .text.DispTerm
                0x1000e6c8       0x54 ./build/st7789.o
                0x1000e6c8                DispTerm
 .text.DispDrawText
                0x1000e71c      0x108 ./build/st7789.o
                0x1000e71c                DispDrawText
 .text.DispDrawTextRow
                0x1000e824       0x3c ./build/st7789.o
                0x1000e824                DispDrawTextRow
 .text._Z13DPSwitch141PFv
                0x1000e860       0x84 ./build/main.o
                0x1000e860                DPSwitch141PF()
 .text._Z16RoundSwitch141PFv
                0x1000e8e4       0x94 ./build/main.o
                0x1000e8e4                RoundSwitch141PF()
 .text._Z10PressedBtni
                0x1000e978       0x68 ./build/main.o
                0x1000e978                PressedBtn(int)
 .text._Z7DispBtnih
                0x1000e9e0      0x1a0 ./build/main.o
                0x1000e9e0                DispBtn(int, unsigned char)
 .text._Z10DispKeySeli
                0x1000eb80       0x88 ./build/main.o
                0x1000eb80                DispKeySel(int)
 .text._Z10CtrlKeySelh
                0x1000ec08      0x218 ./build/main.o
                0x1000ec08                CtrlKeySel(unsigned char)
 .text._Z10Print141PFv
                0x1000ee20       0x5c ./build/main.o
                0x1000ee20                Print141PF()
 .text._Z9Lamp141PFv
                0x1000ee7c       0xc4 ./build/main.o
                0x1000ee7c                Lamp141PF()
 .text._Z8Adv141PFv
                0x1000ef40       0x40 ./build/main.o
                0x1000ef40                Adv141PF()
 .text._Z9UpdateBtnv
                0x1000ef80       0x40 ./build/main.o
                0x1000ef80                UpdateBtn()
 .text._Z10DispKeyAllv
                0x1000efc0       0x58 ./build/main.o
                0x1000efc0                DispKeyAll()
 .text._Z9Init141PFv
                0x1000f018       0xe8 ./build/main.o
                0x1000f018                Init141PF()
 .text.startup.main
                0x1000f100      0x1e8 ./build/main.o
                0x1000f100                main
 .text          0x1000f2e8       0x48 /usr/lib/gcc/arm-none-eabi/14.2.1/../../../arm-none-eabi/lib/thumb/v6-m/nofp/libc.a(libc_a-memcmp.o)
                0x1000f2e8                memcmp
 .text.__stub   0x1000f330      0x150 linker stubs
 *(.fini)
 *crtbegin.o(.ctors)
 *crtbegin?.o(.ctors)
 *(EXCLUDE_FILE(*crtend.o *crtend?.o) .ctors)
 *(SORT_BY_NAME(.ctors.*))
 *(.ctors)
 *crtbegin.o(.dtors)
 *crtbegin?.o(.dtors)
 *(EXCLUDE_FILE(*crtend.o *crtend?.o) .dtors)
 *(SORT_BY_NAME(.dtors.*))
 *(.dtors)
                0x1000f480                        . = ALIGN (0x4)
                0x1000f480                        PROVIDE (__preinit_array_start = .)
 *(SORT_BY_NAME(.preinit_array.*))
 *(.preinit_array)
                0x1000f480                        PROVIDE (__preinit_array_end = .)
                0x1000f480                        . = ALIGN (0x4)
                0x1000f480                        PROVIDE (__init_array_start = .)
 *(SORT_BY_NAME(.init_array.*))
 *(.init_array)
                0x1000f480                        PROVIDE (__init_array_end = .)
                0x1000f480                        . = ALIGN (0x4)
                [!provide]                        PROVIDE (__fini_array_start = .)
 *(SORT_BY_NAME(.fini_array.*))
 *(.fini_array)
                [!provide]                        PROVIDE (__fini_array_end = .)
 *(.eh_frame*)
                0x1000f480                        . = ALIGN (0x4)

.glue_7         0x1000f480        0x0
 .glue_7        0x1000f480        0x0 linker stubs

.glue_7t        0x1000f480        0x0
 .glue_7t       0x1000f480        0x0 linker stubs

.vfp11_veneer   0x1000f480        0x0
 .vfp11_veneer  0x1000f480        0x0 linker stubs

.v4_bx          0x1000f480        0x0
 .v4_bx         0x1000f480        0x0 linker stubs

.iplt           0x1000f480        0x0
 .iplt          0x1000f480        0x0 ./build/crt0_rp2040.o

.rodata         0x1000f480    0x31f70
 *(EXCLUDE_FILE(*libm.a: *libc.a:*lib_a-mem*.o *libgcc.a:) .rodata.*)
 .rodata.Font141PF8x13
                0x1000f480      0xd00 ./build/font_141pf_8x13.o
                0x1000f480                Font141PF8x13
 .rodata.KeyGpioTab
                0x10010180        0x8 ./build/picopad_key.o
                0x10010180                KeyGpioTab
 .rodata.ClockSourceTab
                0x10010188       0x3c ./build/sdk_clocks.o
                0x10010188                ClockSourceTab
 .rodata.FatalErrorMsg.str1.1
                0x100101c4      0x19e ./build/sdk_fatal.o
                                0x13b (size before relaxing)
 .rodata.UsbHostEpInit.cst2
                0x10010362        0x2 ./build/sdk_usb_host.o
 .rodata.UsbHostDrvNum
                0x10010364        0x1 ./build/sdk_usb_host.o
                0x10010364                UsbHostDrvNum
 *fill*         0x10010365        0x3 
 .rodata.UsbHostDrv
                0x10010368       0x20 ./build/sdk_usb_host.o
                0x10010368                UsbHostDrv
 .rodata.HidKeyToAscii
                0x10010388       0xd0 ./build/sdk_usb_host_hid.o
                0x10010388                HidKeyToAscii
 .rodata.StreamPrintArg.str1.1
                0x10010458       0x17 ./build/lib_print.o
 .rodata.UnitPrefix
                0x10010458       0x15 ./build/lib_print.o
                0x10010458                UnitPrefix
 .rodata.HexDigL
                0x1001046d       0x11 ./build/lib_print.o
                0x1001046d                HexDigL
 .rodata.HexDigU
                0x1001047e       0x11 ./build/lib_print.o
                0x1001047e                HexDigU
 *fill*         0x1001048f        0x1 
 .rodata.ADPCM_StepSize
                0x10010490       0xb2 ./build/lib_pwmsnd.o
                0x10010490                ADPCM_StepSize
 .rodata.ADPCM_TabInx
                0x10010542       0x10 ./build/lib_pwmsnd.o
                0x10010542                ADPCM_TabInx
 *fill*         0x10010552        0x6 
 .rodata.SetDoubleCoeff
                0x10010558       0x98 ./build/lib_textnum.o
                0x10010558                SetDoubleCoeff
 .rodata.FontBold8x16
                0x100105f0     0x1000 ./build/font_bold_8x16.o
                0x100105f0                FontBold8x16
 .rodata.RotationTab
                0x100115f0        0x4 ./build/st7789.o
                0x100115f0                RotationTab
 .rodata.str1.1
                0x100115f4       0x51 ./build/main.o
 .rodata._ZL6KeyMap
                0x100115f4      0x1ec ./build/main.o
 .rodata._ZL7KeyMapY
                0x100117e0       0x10 ./build/main.o
 .rodata._ZL7KeyMapX
                0x100117f0       0x28 ./build/main.o
 .rodata._ZL12I4_CharCol18
                0x10011818        0xd ./build/main.o
 .rodata._ZL12I4_CharCol17
                0x10011825        0xd ./build/main.o
 .rodata._ZL11I4_CharCol1
                0x10011832        0xd ./build/main.o
 *fill*         0x1001183f        0x1 
 .rodata.KeybUpImg
                0x10011840     0xa000 ./build/keybup.o
                0x10011840                KeybUpImg
 .rodata.KeybUpImg_Pal
                0x1001b840      0x200 ./build/keybup.o
                0x1001b840                KeybUpImg_Pal
 .rodata.KeybDnImg
                0x1001ba40     0xa000 ./build/keybdn.o
                0x1001ba40                KeybDnImg
 .rodata.KeybDnImg_Pal
                0x10025a40      0x200 ./build/keybdn.o
                0x10025a40                KeybDnImg_Pal
 .rodata.LightOffImg
                0x10025c40     0x3c00 ./build/lightoff.o
                0x10025c40                LightOffImg
 .rodata.LightOffImg_Pal
                0x10029840      0x200 ./build/lightoff.o
                0x10029840                LightOffImg_Pal
 .rodata.LightOnImg
                0x10029a40     0x3c00 ./build/lighton.o
                0x10029a40                LightOnImg
 .rodata.LightOnImg_Pal
                0x1002d640      0x1fe ./build/lighton.o
                0x1002d640                LightOnImg_Pal
 *fill*         0x1002d83e        0x2 
 .rodata.Logo1Img
                0x1002d840      0x800 ./build/logo1.o
                0x1002d840                Logo1Img
 .rodata.Logo1Img_Pal
                0x1002e040       0x20 ./build/logo1.o
                0x1002e040                Logo1Img_Pal
 .rodata.Logo2Img
                0x1002e060      0x800 ./build/logo2.o
                0x1002e060                Logo2Img
 .rodata.Logo2Img_Pal
                0x1002e860       0x20 ./build/logo2.o
                0x1002e860                Logo2Img_Pal
 .rodata.busicom_Prog
                0x1002e880      0x4ab ./build/busicom.o
                0x1002e880                busicom_Prog
 .rodata.PrintSnd
                0x1002ed2b     0x12ba ./build/print.o
                0x1002ed2b                PrintSnd
 .rodata.IdleSnd
                0x1002ffe5    0x11099 ./build/idle.o
                0x1002ffe5                IdleSnd
 .rodata.ClickSnd
                0x1004107e      0x372 ./build/click.o
                0x1004107e                ClickSnd
                0x100413f0                        . = ALIGN (0x4)
 *(SORT_BY_ALIGNMENT(SORT_BY_NAME(.flashdata*)))
                0x100413f0                        . = ALIGN (0x4)

.ARM.extab
 *(.ARM.extab* .gnu.linkonce.armextab.*)
                0x100413f0                        __exidx_start = .

.ARM.exidx
 *(.ARM.exidx* .gnu.linkonce.armexidx.*)
                0x100413f0                        __exidx_end = .
                0x100413f0                        . = ALIGN (0x4)
                0x100413f0                        __binary_info_start = .

.binary_info
 *(.binary_info.keep.*)
 *(.binary_info.*)
                0x100413f0                        __binary_info_end = .
                0x100413f0                        . = ALIGN (0x4)
                0x100413f0                        __etext = .

.data           0x20000000     0x1008 load address 0x100413f0
                0x20000000                        __data_start__ = .
 *(vtable)
 *(.time_critical*)
 .time_critical.drsub
                0x20000000      0x174 ./build/sdk_double_m0.o
                0x20000000                __wrap___aeabi_drsub
                0x2000000c                __wrap___aeabi_dsub
                0x2000000c                dsub
                0x20000016                __wrap___aeabi_dadd
                0x20000016                dadd
 .time_critical.dsqr
                0x20000174      0x160 ./build/sdk_double_m0.o
                0x20000174                dsqr
                0x20000178                __wrap___aeabi_dmul
                0x20000178                dmul
 .time_critical.__wrap___aeabi_cdrcmple
                0x200002d4       0x60 ./build/sdk_double_m0.o
                0x200002d4                __wrap___aeabi_cdrcmple
                0x200002e4                __wrap___aeabi_cdcmple
                0x200002e4                __wrap___aeabi_cdcmpeq
 .time_critical.dcmpeq
                0x20000334       0x10 ./build/sdk_double_m0.o
                0x20000334                dcmpeq
                0x20000334                __wrap___aeabi_dcmpeq
 .time_critical.dcmplt
                0x20000344        0xc ./build/sdk_double_m0.o
                0x20000344                __wrap___aeabi_dcmplt
                0x20000344                dcmplt
 .time_critical.dcmpge
                0x20000350       0x10 ./build/sdk_double_m0.o
                0x20000350                __wrap___aeabi_dcmpge
                0x20000350                dcmpge
 .time_critical.ui2d
                0x20000360       0x38 ./build/sdk_double_m0.o
                0x20000360                ui2d
                0x20000360                __wrap___aeabi_ui2d
                0x20000360                uint2double
                0x20000368                i2d
                0x20000368                __wrap___aeabi_i2d
                0x20000368                int2double
 .time_critical.double2uint
                0x20000398        0xe ./build/sdk_double_m0.o
                0x20000398                d2ui
                0x20000398                double2uint
                0x20000398                __wrap___aeabi_d2uiz
                0x2000039a                double2ufix
 *fill*         0x200003a6        0x2 
 .time_critical.double2uint64
                0x200003a8       0x28 ./build/sdk_double_m0.o
                0x200003a8                __wrap___aeabi_d2ulz
                0x200003a8                d2ul
                0x200003a8                double2uint64
                0x200003aa                double2ufix64
 .time_critical.dunpacks
                0x200003d0       0x3c ./build/sdk_double_m0.o
                0x200003d0                dunpacks
 .time_critical.fadd
                0x2000040c        0xc ./build/sdk_float_m0.o
                0x2000040c                __wrap___aeabi_fadd
                0x2000040c                fadd
 .time_critical.fsqr
                0x20000418        0xc ./build/sdk_float_m0.o
                0x20000418                fsqr
                0x2000041a                __wrap___aeabi_fmul
                0x2000041a                fmul
 .time_critical.frec
                0x20000424       0x20 ./build/sdk_float_m0.o
                0x20000424                frec
                0x20000428                fdiv
                0x20000428                __wrap___aeabi_fdiv
 .time_critical.ui2f
                0x20000444       0x48 ./build/sdk_float_m0.o
                0x20000444                uint2float
                0x20000444                __wrap___aeabi_ui2f
                0x20000444                ui2f
                0x2000044c                int2float
                0x2000044c                __wrap___aeabi_i2f
                0x2000044c                i2f
 .time_critical.f2iz
                0x2000048c       0x30 ./build/sdk_float_m0.o
                0x2000048c                __wrap___aeabi_f2iz
                0x2000048c                f2iz
                0x2000048c                float2int_z
 .time_critical.d2fix_a
                0x200004bc       0x4a ./build/sdk_float_m0.o
                0x200004bc                d2fix_a
 *fill*         0x20000506        0x2 
 .time_critical.LedOff
                0x20000508       0x18 ./build/picopad_led.o
                0x20000508                LedOff
 .time_critical.FlashCmd
                0x20000520       0xd4 ./build/sdk_flash.o
                0x20000520                FlashCmd
 .time_critical.I4004_ProgByte
                0x200005f4       0x1c ./build/emu.o
                0x200005f4                I4004_ProgByte
 .time_critical.I4004_Exec
                0x20000610      0x430 ./build/emu.o
                0x20000610                I4004_Exec
 .time_critical.GetRomMem
                0x20000a40        0xc ./build/main.o
                0x20000a40                GetRomMem(unsigned short)
 .time_critical.SetRomMem
                0x20000a4c        0x4 ./build/main.o
                0x20000a4c                SetRomMem(unsigned short, unsigned char)
 .time_critical.SetRamPort
                0x20000a50      0x120 ./build/main.o
                0x20000a50                SetRamPort(unsigned char, unsigned char)
 .time_critical.SetRomPort
                0x20000b70       0x4c ./build/main.o
                0x20000b70                SetRomPort(unsigned char, unsigned char)
 .time_critical.GetRomPort
                0x20000bbc       0xac ./build/main.o
                0x20000bbc                GetRomPort(unsigned char)
 .time_critical.GetTest
                0x20000c68       0x54 ./build/main.o
                0x20000c68                GetTest()
 *(.text*)
 .text          0x20000cbc       0x14 /usr/lib/gcc/arm-none-eabi/14.2.1/thumb/v6-m/nofp/libgcc.a(_thumb1_case_sqi.o)
                0x20000cbc                __gnu_thumb1_case_sqi
 .text          0x20000cd0       0x14 /usr/lib/gcc/arm-none-eabi/14.2.1/thumb/v6-m/nofp/libgcc.a(_thumb1_case_uqi.o)
                0x20000cd0                __gnu_thumb1_case_uqi
 .text          0x20000ce4       0x14 /usr/lib/gcc/arm-none-eabi/14.2.1/thumb/v6-m/nofp/libgcc.a(_thumb1_case_uhi.o)
                0x20000ce4                __gnu_thumb1_case_uhi
 .text          0x20000cf8       0x18 /usr/lib/gcc/arm-none-eabi/14.2.1/thumb/v6-m/nofp/libgcc.a(_ashldi3.o)
                0x20000cf8                __ashldi3
                0x20000cf8                __aeabi_llsl
 .text.__stub   0x20000d10       0x20 linker stubs
                0x20000d30                        . = ALIGN (0x4)
 *(.rodata*)
 .rodata        0x20000d30      0x278 ./build/emu.o
                0x20000fa8                        . = ALIGN (0x4)
 *(.data*)
 .data.LedGpioTabInv
                0x20000fa8        0x2 ./build/picopad_led.o
                0x20000fa8                LedGpioTabInv
 .data.LedGpioTab
                0x20000faa        0x2 ./build/picopad_led.o
                0x20000faa                LedGpioTab
 *fill*         0x20000fac        0x4 
 .data.RoscRandSeed
                0x20000fb0        0x8 ./build/sdk_rosc.o
                0x20000fb0                RoscRandSeed
 .data.DrawPrintRowNum
                0x20000fb8        0x1 ./build/lib_draw.o
                0x20000fb8                DrawPrintRowNum
 .data.DrawPrintPosNum
                0x20000fb9        0x1 ./build/lib_draw.o
                0x20000fb9                DrawPrintPosNum
 *fill*         0x20000fba        0x2 
 .data.DrawFontWidth
                0x20000fbc        0x4 ./build/lib_draw.o
                0x20000fbc                DrawFontWidth
 .data.DrawFontHeight
                0x20000fc0        0x4 ./build/lib_draw.o
                0x20000fc0                DrawFontHeight
 .data.pDrawFont
                0x20000fc4        0x4 ./build/lib_draw.o
                0x20000fc4                pDrawFont
 .data.PWMSndSlice
                0x20000fc8        0x4 ./build/lib_pwmsnd.o
                0x20000fc8                PWMSndSlice
 .data.PWMSndChanR
                0x20000fcc        0x4 ./build/lib_pwmsnd.o
                0x20000fcc                PWMSndChanR
 .data.PWMSndChan
                0x20000fd0        0x4 ./build/lib_pwmsnd.o
                0x20000fd0                PWMSndChan
 .data.PWMSndGpioR
                0x20000fd4        0x4 ./build/lib_pwmsnd.o
                0x20000fd4                PWMSndGpioR
 .data.PWMSndGpio
                0x20000fd8        0x4 ./build/lib_pwmsnd.o
                0x20000fd8                PWMSndGpio
 *fill*         0x20000fdc        0x4 
 .data.RandSeed
                0x20000fe0       0x10 ./build/lib_rand.o
                0x20000fe0                RandSeed
 .data.I4004_KBPTab
                0x20000ff0       0x10 ./build/emu.o
                0x20000ff0                I4004_KBPTab
 .data.I4_PrefKeySel
                0x20001000        0x4 ./build/main.o
                0x20001000                I4_PrefKeySel
 .data.I4_KeySel
                0x20001004        0x4 ./build/main.o
                0x20001004                I4_KeySel
                0x20001008                        . = ALIGN (0x4)
 *(.after_data.*)
                0x20001008                        . = ALIGN (0x4)
                [!provide]                        PROVIDE (__mutex_array_start = .)
 *(SORT_BY_NAME(.mutex_array.*))
 *(.mutex_array)
                [!provide]                        PROVIDE (__mutex_array_end = .)
                0x20001008                        . = ALIGN (0x4)
 *(.jcr)
                0x20001008                        . = ALIGN (0x4)
                0x20001008                        __data_end__ = .

.igot.plt       0x20001008        0x0 load address 0x100423f8
 .igot.plt      0x20001008        0x0 ./build/crt0_rp2040.o

.rel.dyn        0x20001008        0x0 load address 0x100423f8
 .rel.iplt      0x20001008        0x0 ./build/crt0_rp2040.o

.ram_vector_table
                0x20001100      0x300 load address 0x100423f8
                0x20001100                        . = ALIGN (0x100)
 *(.ram_vector_table)
 .ram_vector_table
                0x20001100      0x300 ./build/sdk_runtime.o
                0x20001100                RamVectorTable

.uninitialized_data
                0x20001400        0x0 load address 0x100423f8
                0x20001400                        . = ALIGN (0x4)
 *(.uninitialized_data*)

.bss            0x20001400    0x271c0 load address 0x100423f8
                0x20001400                        . = ALIGN (0x4)
                0x20001400                        __bss_start__ = .
 *(SORT_BY_ALIGNMENT(SORT_BY_NAME(.bss*)))
 .bss.FlashID64
                0x20001400        0x8 ./build/sdk_flash.o
                0x20001400                FlashID64
 .bss.UsbRamMap
                0x20001408        0x8 ./build/sdk_usb_phy.o
                0x20001408                UsbRamMap
 .bss.ADCTempHistInx
                0x20001410        0x4 ./build/sdk_adc.o
                0x20001410                ADCTempHistInx
 .bss.ADCTempHistNum
                0x20001414        0x4 ./build/sdk_adc.o
                0x20001414                ADCTempHistNum
 .bss.ADCTempHistSum
                0x20001418        0x4 ./build/sdk_adc.o
                0x20001418                ADCTempHistSum
 .bss.AlarmList
                0x2000141c       0x10 ./build/lib_alarm.o
                0x2000141c                AlarmList
 .bss.Config    0x2000142c       0x20 ./build/lib_config.o
                0x2000142c                Config
 .bss.CurrentFreq
                0x2000144c       0x40 ./build/sdk_clocks.o
                0x2000144c                CurrentFreq
 .bss.DispDirtyX1
                0x2000148c        0x4 ./build/st7789.o
                0x2000148c                DispDirtyX1
 .bss.DispDirtyX2
                0x20001490        0x4 ./build/st7789.o
                0x20001490                DispDirtyX2
 .bss.DispDirtyY1
                0x20001494        0x4 ./build/st7789.o
                0x20001494                DispDirtyY1
 .bss.DispDirtyY2
                0x20001498        0x4 ./build/st7789.o
                0x20001498                DispDirtyY2
 .bss.FatalErrorMsgY
                0x2000149c        0x4 ./build/sdk_fatal.o
                0x2000149c                FatalErrorMsgY
 .bss.FlashEnterXip
                0x200014a0        0x4 ./build/sdk_bootrom.o
                0x200014a0                FlashEnterXip
 .bss.FlashExitXip
                0x200014a4        0x4 ./build/sdk_bootrom.o
                0x200014a4                FlashExitXip
 .bss.FlashFlush
                0x200014a8        0x4 ./build/sdk_bootrom.o
                0x200014a8                FlashFlush
 .bss.FlashInternal
                0x200014ac        0x4 ./build/sdk_bootrom.o
                0x200014ac                FlashInternal
 .bss.FlashSize
                0x200014b0        0x4 ./build/sdk_flash.o
                0x200014b0                FlashSize
 .bss.FrameBuf  0x200014b4    0x25800 ./build/st7789.o
                0x200014b4                FrameBuf
 .bss.I4004_Cpu
                0x20026cb4        0x4 ./build/emu.o
                0x20026cb4                I4004_Cpu
 .bss.I4_KeySelTime
                0x20026cb8        0x4 ./build/main.o
                0x20026cb8                I4_KeySelTime
 .bss.I4_KeyShift
                0x20026cbc        0x4 ./build/main.o
                0x20026cbc                I4_KeyShift
 .bss.I4_PrintShift
                0x20026cc0        0x4 ./build/main.o
                0x20026cc0                I4_PrintShift
 .bss.I4_TestTime
                0x20026cc4        0x4 ./build/main.o
                0x20026cc4                I4_TestTime
 .bss.KeyMapBit
                0x20026cc8        0x4 ./build/main.o
                0x20026cc8                KeyMapBit
 .bss.MemCopy   0x20026ccc        0x4 ./build/sdk_bootrom.o
                0x20026ccc                MemCopy
 .bss.MemCopy32
                0x20026cd0        0x4 ./build/sdk_bootrom.o
                0x20026cd0                MemCopy32
 .bss.MemFreeList
                0x20026cd4        0xc ./build/lib_malloc.o
                0x20026cd4                MemFreeList
 .bss.MemFreeSize
                0x20026ce0        0x4 ./build/lib_malloc.o
                0x20026ce0                MemFreeSize
 .bss.MemSet    0x20026ce4        0x4 ./build/sdk_bootrom.o
                0x20026ce4                MemSet
 .bss.MemSet32  0x20026ce8        0x4 ./build/sdk_bootrom.o
                0x20026ce8                MemSet32
 .bss.MemUsedNum
                0x20026cec        0x4 ./build/lib_malloc.o
                0x20026cec                MemUsedNum
 .bss.MemUsedSize
                0x20026cf0        0x4 ./build/lib_malloc.o
                0x20026cf0                MemUsedSize
 .bss.PwmSound  0x20026cf4       0xf0 ./build/lib_pwmsnd.o
                0x20026cf4                PwmSound
 .bss.PwmSoundDither
                0x20026de4        0x4 ./build/lib_pwmsnd.o
                0x20026de4                PwmSoundDither
 .bss.RomFlashErase
                0x20026de8        0x4 ./build/sdk_bootrom.o
                0x20026de8                RomFlashErase
 .bss.RomFlashProgram
                0x20026dec        0x4 ./build/sdk_bootrom.o
                0x20026dec                RomFlashProgram
 .bss.RomResetUsb
                0x20026df0        0x4 ./build/sdk_bootrom.o
                0x20026df0                RomResetUsb
 .bss.SFTable   0x20026df4       0x54 ./build/sdk_float.o
                0x20026df4                SFTable
 .bss.SpinClaimed
                0x20026e48        0x4 ./build/sdk_spinlock.o
                0x20026e48                SpinClaimed
 .bss.SysTime   0x20026e4c        0x4 ./build/sdk_systick.o
                0x20026e4c                SysTime
 .bss.UnixTime  0x20026e50        0x4 ./build/sdk_systick.o
                0x20026e50                UnixTime
 .bss.UsbEndpoints
                0x20026e54      0x480 ./build/sdk_usb_phy.o
                0x20026e54                UsbEndpoints
 .bss.UsbHidKeyNextTime
                0x200272d4        0x4 ./build/sdk_usb_host_hid.o
                0x200272d4                UsbHidKeyNextTime
 .bss.UsbHostEnumNext
                0x200272d8        0x4 ./build/sdk_usb_host.o
                0x200272d8                UsbHostEnumNext
 .bss.UsbHostHidInter
                0x200272dc      0x210 ./build/sdk_usb_host_hid.o
                0x200272dc                UsbHostHidInter
 .bss.UsbHostHidKeyRing
                0x200274ec       0x14 ./build/sdk_usb_host_hid.o
                0x200274ec                UsbHostHidKeyRing
 .bss.UsbHostHidKeyRingBuf
                0x20027500      0x100 ./build/sdk_usb_host_hid.o
                0x20027500                UsbHostHidKeyRingBuf
 .bss.UsbHostHidMouseRing
                0x20027600       0x14 ./build/sdk_usb_host_hid.o
                0x20027600                UsbHostHidMouseRing
 .bss.UsbHostHidMouseRingBuf
                0x20027614      0x100 ./build/sdk_usb_host_hid.o
                0x20027614                UsbHostHidMouseRingBuf
 .bss.UsbHostSetupBuff
                0x20027714      0x140 ./build/sdk_usb_host.o
                0x20027714                UsbHostSetupBuff
 .bss.UsbHostSetupCompCB
                0x20027854        0x4 ./build/sdk_usb_host.o
                0x20027854                UsbHostSetupCompCB
 .bss.UsbSetupDataBuff
                0x20027858        0x4 ./build/sdk_usb_phy.o
                0x20027858                UsbSetupDataBuff
 .bss.WaitForVector
                0x2002785c        0x4 ./build/sdk_bootrom.o
                0x2002785c                WaitForVector
 .bss.WatchdogUpdateValue
                0x20027860        0x4 ./build/sdk_watchdog.o
                0x20027860                WatchdogUpdateValue
 .bss.clz       0x20027864        0x4 ./build/sdk_bootrom.o
                0x20027864                clz
 .bss.ctz       0x20027868        0x4 ./build/sdk_bootrom.o
                0x20027868                ctz
 .bss.i4004cpu  0x2002786c      0xa44 ./build/main.o
                0x2002786c                i4004cpu
 .bss.popcount  0x200282b0        0x4 ./build/sdk_bootrom.o
                0x200282b0                popcount
 .bss.reverse   0x200282b4        0x4 ./build/sdk_bootrom.o
                0x200282b4                reverse
 .bss.CurTimeMs
                0x200282b8        0x2 ./build/sdk_systick.o
                0x200282b8                CurTimeMs
 .bss.KeyLastPress
                0x200282ba       0x10 ./build/picopad_key.o
                0x200282ba                KeyLastPress
 .bss.KeyLastRelease
                0x200282ca       0x10 ./build/picopad_key.o
                0x200282ca                KeyLastRelease
 .bss.LastTimeUs
                0x200282da        0x2 ./build/sdk_systick.o
                0x200282da                LastTimeUs
 .bss.UsbHostDev
                0x200282dc      0x12c ./build/sdk_usb_host.o
                0x200282dc                UsbHostDev
 .bss.UsbSetupDataLen
                0x20028408        0x2 ./build/sdk_usb_phy.o
                0x20028408                UsbSetupDataLen
 .bss.UsbSetupDataXfer
                0x2002840a        0x2 ./build/sdk_usb_phy.o
                0x2002840a                UsbSetupDataXfer
 .bss.UsbSetupRequest
                0x2002840c        0x8 ./build/sdk_usb_phy.o
                0x2002840c                UsbSetupRequest
 .bss.Core1IsRunning
                0x20028414        0x1 ./build/sdk_multicore.o
                0x20028414                Core1IsRunning
 .bss.CurrentClkSrc
                0x20028415       0x10 ./build/sdk_clocks.o
                0x20028415                CurrentClkSrc
 .bss.FlashID   0x20028425        0x8 ./build/sdk_flash.o
                0x20028425                FlashID
 .bss.FlashIDText
                0x2002842d       0x11 ./build/sdk_flash.o
                0x2002842d                FlashIDText
 .bss.FlashManufact
                0x2002843e        0x1 ./build/sdk_flash.o
                0x2002843e                FlashManufact
 .bss.FlashType
                0x2002843f        0x1 ./build/sdk_flash.o
                0x2002843f                FlashType
 .bss.GlobalSoundOff
                0x20028440        0x1 ./build/lib_pwmsnd.o
                0x20028440                GlobalSoundOff
 .bss.I4_AdvPressed
                0x20028441        0x1 ./build/main.o
                0x20028441                I4_AdvPressed
 .bss.I4_DP     0x20028442        0x1 ./build/main.o
                0x20028442                I4_DP
 .bss.I4_DispHelp
                0x20028443        0x1 ./build/main.o
                0x20028443                I4_DispHelp
 .bss.I4_KeySelOn
                0x20028444        0x1 ./build/main.o
                0x20028444                I4_KeySelOn
 .bss.I4_Lamp   0x20028445        0x1 ./build/main.o
                0x20028445                I4_Lamp
 .bss.I4_LampOld
                0x20028446        0x1 ./build/main.o
                0x20028446                I4_LampOld
 .bss.I4_OldRAM0
                0x20028447        0x1 ./build/main.o
                0x20028447                I4_OldRAM0
 .bss.I4_OldROM0
                0x20028448        0x1 ./build/main.o
                0x20028448                I4_OldROM0
 .bss.I4_PrintAdv
                0x20028449        0x1 ./build/main.o
                0x20028449                I4_PrintAdv
 .bss.I4_PrintBuf
                0x2002844a       0x12 ./build/main.o
                0x2002844a                I4_PrintBuf
 .bss.I4_PrintColor
                0x2002845c        0x1 ./build/main.o
                0x2002845c                I4_PrintColor
 .bss.I4_Round  0x2002845d        0x1 ./build/main.o
                0x2002845d                I4_Round
 .bss.I4_Sector
                0x2002845e        0x1 ./build/main.o
                0x2002845e                I4_Sector
 .bss.I4_SoundDone
                0x2002845f        0x1 ./build/main.o
                0x2002845f                I4_SoundDone
 .bss.I4_Test   0x20028460        0x1 ./build/main.o
                0x20028460                I4_Test
 .bss.KeyBuf    0x20028461       0x10 ./build/picopad_key.o
                0x20028461                KeyBuf
 .bss.KeyMapPress
                0x20028471       0x29 ./build/main.o
                0x20028471                KeyMapPress
 .bss.KeyPressMap
                0x2002849a        0x8 ./build/picopad_key.o
                0x2002849a                KeyPressMap
 .bss.KeyReadOff
                0x200284a2        0x1 ./build/picopad_key.o
                0x200284a2                KeyReadOff
 .bss.KeyRetBuf
                0x200284a3        0x1 ./build/picopad_key.o
                0x200284a3                KeyRetBuf
 .bss.KeyWriteOff
                0x200284a4        0x1 ./build/picopad_key.o
                0x200284a4                KeyWriteOff
 .bss.PWMSndWasInit
                0x200284a5        0x1 ./build/lib_pwmsnd.o
                0x200284a5                PWMSndWasInit
 .bss.UsbDevCfgNum
                0x200284a6        0x1 ./build/sdk_usb_phy.o
                0x200284a6                UsbDevCfgNum
 .bss.UsbDevIsInit
                0x200284a7        0x1 ./build/sdk_usb_phy.o
                0x200284a7                UsbDevIsInit
 .bss.UsbHidKeyOld
                0x200284a8        0x8 ./build/sdk_usb_host_hid.o
                0x200284a8                UsbHidKeyOld
 .bss.UsbHidKeyRepeat
                0x200284b0        0x1 ./build/sdk_usb_host_hid.o
                0x200284b0                UsbHidKeyRepeat
 .bss.UsbHidMouseOld
                0x200284b1        0x5 ./build/sdk_usb_host_hid.o
                0x200284b1                UsbHidMouseOld
 .bss.UsbHostEnumAddr
                0x200284b6        0x1 ./build/sdk_usb_host.o
                0x200284b6                UsbHostEnumAddr
 .bss.UsbHostEnumState
                0x200284b7        0x1 ./build/sdk_usb_host.o
                0x200284b7                UsbHostEnumState
 .bss.UsbHostEnumTry
                0x200284b8        0x1 ./build/sdk_usb_host.o
                0x200284b8                UsbHostEnumTry
 .bss.UsbHostHidCfg_Itf
                0x200284b9        0x1 ./build/sdk_usb_host_hid.o
                0x200284b9                UsbHostHidCfg_Itf
 .bss.UsbHostIsInit
                0x200284ba        0x1 ./build/sdk_usb_phy.o
                0x200284ba                UsbHostIsInit
 .bss.UsbHostMode
                0x200284bb        0x1 ./build/sdk_usb_phy.o
                0x200284bb                UsbHostMode
 .bss.UsbHostRepBuf
                0x200284bc      0x100 ./build/sdk_usb_host_hid.o
                0x200284bc                UsbHostRepBuf
 .bss.UsbHostSetupStage
                0x200285bc        0x1 ./build/sdk_usb_host.o
                0x200285bc                UsbHostSetupStage
 .bss.UsbProcessSOFEvent
                0x200285bd        0x1 ./build/sdk_usb_phy.o
                0x200285bd                UsbProcessSOFEvent
 *(COMMON)
                0x200285c0                        . = ALIGN (0x4)
 *fill*         0x200285be        0x2 
                0x200285c0                        __bss_end__ = .

.heap           0x200285c0      0x100 load address 0x100423f8
                0x200285c0                        __end__ = .
                0x200285c0                        end = __end__
 *(.heap*)
 .heap          0x200285c0      0x100 ./build/crt0_rp2040.o
                0x200286c0                        __HeapLimit = .
                0x200286c0                        . = ALIGN (0x10)
                0x200286c0                        __malloc_start__ = .

.stack0_dummy   0x20040000     0x1000
                0x20040000                        . = ALIGN (0x10)
                0x20040000                        __malloc_end__ = .
 *(.stack0*)
 .stack0        0x20040000     0x1000 ./build/crt0_rp2040.o

.bootloaderdata
 *(.bootloaderdata)

.stack1_dummy   0x20041020      0xfe0
 *(.stack1*)
 .stack1        0x20041020      0xfe0 ./build/sdk_multicore.o
                0x20041020                Core1Stack
                0x20042000                        . = ALIGN (0x4)

.flash_end      0x100423f8        0x0
                0x100423f8                        __flash_binary_end = .
                0x20040000                        __StackLimit = (ORIGIN (RAM) + LENGTH (RAM))
                0x20041000                        __Stack0Top = (ORIGIN (SCRATCH_X) + LENGTH (SCRATCH_X))
                0x20042000                        __Stack1Top = (ORIGIN (SCRATCH_Y) + LENGTH (SCRATCH_Y))
                0x20040000                        __Stack0Bottom = (__Stack0Top - SIZEOF (.stack0_dummy))
                0x20041020                        __Stack1Bottom = (__Stack1Top - SIZEOF (.stack1_dummy))
                [!provide]                        PROVIDE (__stack = __Stack0Top)
                0x20041000                        PROVIDE (__StackTop = __Stack0Top)
                0x00000001                        ASSERT ((__StackLimit >= __HeapLimit), region RAM overflowed)
                0x00000001                        ASSERT (((picopad_info_header - __logical_binary_start) == 0xc0), Incorrect offset of Picopad Info Header!)
                0x00000001                        ASSERT (((__binary_info_header_end - __logical_binary_start) <= 0x100), Binary info must be in first 256 bytes of the binary)
                0x00000001                        ASSERT (((__embedded_block_end - __logical_binary_start) <= 0x1000), Embedded block must be in first 4096 bytes of the binary)
                0x00200000                        FLASHSIZE = 0x200000
                0x00040000                        RAMSIZE = 0x40000
LOAD ./build/crt0_rp2040.o
LOAD ./build/sdk_divider.o
LOAD ./build/sdk_memops_asm.o
LOAD ./build/sdk_double_m0.o
LOAD ./build/sdk_float_m0.o
LOAD ./build/vga_blitkey.o
LOAD ./build/dvi_enc.o
LOAD ./build/dvivga_enc.o
LOAD ./build/loader_picopad10.o
LOAD ./build/font_141pf_8x16.o
LOAD ./build/font_141pf_8x14.o
LOAD ./build/font_141pf_8x13.o
LOAD ./build/font_141pf_8x12.o
LOAD ./build/picopad_bat.o
LOAD ./build/picopad_key.o
LOAD ./build/picopad_led.o
LOAD ./build/picopad_init.o
LOAD ./build/picopad_ss.o
LOAD ./build/sdk_adc.o
LOAD ./build/sdk_bootrom.o
LOAD ./build/sdk_clocks.o
LOAD ./build/sdk_cpu.o
LOAD ./build/sdk_dma.o
LOAD ./build/sdk_double.o
LOAD ./build/sdk_fatal.o
LOAD ./build/sdk_fifo.o
LOAD ./build/sdk_flash.o
LOAD ./build/sdk_float.o
LOAD ./build/sdk_gpio.o
LOAD ./build/sdk_hstx.o
LOAD ./build/sdk_i2c.o
LOAD ./build/sdk_interp.o
LOAD ./build/sdk_irq.o
LOAD ./build/sdk_multicore.o
LOAD ./build/sdk_pio.o
LOAD ./build/sdk_pll.o
LOAD ./build/sdk_powman.o
LOAD ./build/sdk_pwm.o
LOAD ./build/sdk_qmi.o
LOAD ./build/sdk_qspi.o
LOAD ./build/sdk_reset.o
LOAD ./build/sdk_rosc.o
LOAD ./build/sdk_rtc.o
LOAD ./build/sdk_runtime.o
LOAD ./build/sdk_spi.o
LOAD ./build/sdk_spinlock.o
LOAD ./build/sdk_ssi.o
LOAD ./build/sdk_systick.o
LOAD ./build/sdk_ticks.o
LOAD ./build/sdk_timer.o
LOAD ./build/sdk_uart.o
LOAD ./build/sdk_vreg.o
LOAD ./build/sdk_watchdog.o
LOAD ./build/sdk_xip.o
LOAD ./build/sdk_xosc.o
LOAD ./build/sdk_usbport.o
LOAD ./build/sdk_usb_dev.o
LOAD ./build/sdk_usb_dev_cdc.o
LOAD ./build/sdk_usb_dev_hid.o
LOAD ./build/sdk_usb_host.o
LOAD ./build/sdk_usb_host_cdc.o
LOAD ./build/sdk_usb_host_hid.o
LOAD ./build/sdk_usb_phy.o
LOAD ./build/lib_alarm.o
LOAD ./build/lib_calendar.o
LOAD ./build/lib_calendar64.o
LOAD ./build/lib_canvas.o
LOAD ./build/lib_color.o
LOAD ./build/lib_config.o
LOAD ./build/lib_crc.o
LOAD ./build/lib_decnum.o
LOAD ./build/lib_draw.o
LOAD ./build/lib_drawcan.o
LOAD ./build/lib_drawcan1.o
LOAD ./build/lib_drawcan2.o
LOAD ./build/lib_drawcan3.o
LOAD ./build/lib_drawcan4.o
LOAD ./build/lib_drawcan6.o
LOAD ./build/lib_drawcan8.o
LOAD ./build/lib_drawcan12.o
LOAD ./build/lib_drawcan16.o
LOAD ./build/lib_escpkt.o
LOAD ./build/lib_event.o
LOAD ./build/lib_fat.o
LOAD ./build/lib_filesel.o
LOAD ./build/lib_list.o
LOAD ./build/lib_malloc.o
LOAD ./build/lib_mat2d.o
LOAD ./build/lib_miniring.o
LOAD ./build/lib_print.o
LOAD ./build/lib_pwmsnd.o
LOAD ./build/lib_rand.o
LOAD ./build/lib_rect.o
LOAD ./build/lib_ring.o
LOAD ./build/lib_ringrx.o
LOAD ./build/lib_ringtx.o
LOAD ./build/lib_sd.o
LOAD ./build/lib_stream.o
LOAD ./build/lib_text.o
LOAD ./build/lib_textlist.o
LOAD ./build/lib_textnum.o
LOAD ./build/lib_tprint.o
LOAD ./build/lib_tree.o
LOAD ./build/lib_video.o
LOAD ./build/lib_mp3.o
LOAD ./build/emu.o
LOAD ./build/bigint.o
LOAD ./build/bernoulli.o
LOAD ./build/real.o
LOAD ./build/font_boldB_8x14.o
LOAD ./build/font_boldB_8x16.o
LOAD ./build/font_bold_8x14.o
LOAD ./build/font_bold_8x16.o
LOAD ./build/font_bold_8x8.o
LOAD ./build/font_cond_6x8.o
LOAD ./build/font_game_8x8.o
LOAD ./build/font_ibmtiny_8x8.o
LOAD ./build/font_ibm_8x14.o
LOAD ./build/font_ibm_8x16.o
LOAD ./build/font_ibm_8x8.o
LOAD ./build/font_italic_8x8.o
LOAD ./build/font_thin_8x8.o
LOAD ./build/font_tiny_5x8.o
LOAD ./build/font_bold_8x16_win1250.o
LOAD ./build/disphstx_dvi.o
LOAD ./build/disphstx_dvi_render.o
LOAD ./build/disphstx_vga.o
LOAD ./build/disphstx_vga_render.o
LOAD ./build/disphstx_vmode.o
LOAD ./build/disphstx_vmode_simple.o
LOAD ./build/disphstx_vmode_format.o
LOAD ./build/disphstx_vmode_time.o
LOAD ./build/disphstx_picolibsk.o
LOAD ./build/disphstxmini.o
LOAD ./build/dvi.o
LOAD ./build/dvivga.o
LOAD ./build/minivga.o
LOAD ./build/st7789.o
LOAD ./build/ili9488.o
LOAD ./build/main.o
LOAD ./build/keybup.o
LOAD ./build/keybdn.o
LOAD ./build/lightoff.o
LOAD ./build/lighton.o
LOAD ./build/logo1.o
LOAD ./build/logo2.o
LOAD ./build/busicom.o
LOAD ./build/print.o
LOAD ./build/idle.o
LOAD ./build/click.o
LOAD /usr/lib/gcc/arm-none-eabi/14.2.1/../../../arm-none-eabi/lib/thumb/v6-m/nofp/libstdc++.a
LOAD /usr/lib/gcc/arm-none-eabi/14.2.1/../../../arm-none-eabi/lib/thumb/v6-m/nofp/libm.a
START GROUP
LOAD /usr/lib/gcc/arm-none-eabi/14.2.1/thumb/v6-m/nofp/libgcc.a
LOAD /usr/lib/gcc/arm-none-eabi/14.2.1/../../../arm-none-eabi/lib/thumb/v6-m/nofp/libc.a
END GROUP
START GROUP
LOAD /usr/lib/gcc/arm-none-eabi/14.2.1/thumb/v6-m/nofp/libgcc.a
LOAD /usr/lib/gcc/arm-none-eabi/14.2.1/../../../arm-none-eabi/lib/thumb/v6-m/nofp/libc.a
LOAD /usr/lib/gcc/arm-none-eabi/14.2.1/../../../arm-none-eabi/lib/thumb/v6-m/nofp/libnosys.a
END GROUP
OUTPUT(build/141PF.elf elf32-littlearm)
LOAD linker stubs

.ARM.attributes
                0x00000000       0x2e
 .ARM.attributes
                0x00000000       0x22 ./build/crt0_rp2040.o
 .ARM.attributes
                0x00000022       0x22 ./build/sdk_divider.o
 .ARM.attributes
                0x00000044       0x22 ./build/sdk_memops_asm.o
 .ARM.attributes
                0x00000066       0x22 ./build/loader_picopad10.o
 .ARM.attributes
                0x00000088       0x2c ./build/font_141pf_8x13.o
 .ARM.attributes
                0x000000b4       0x2c ./build/picopad_bat.o
 .ARM.attributes
                0x000000e0       0x2c ./build/picopad_key.o
 .ARM.attributes
                0x0000010c       0x2c ./build/picopad_led.o
 .ARM.attributes
                0x00000138       0x2c ./build/picopad_init.o
 .ARM.attributes
                0x00000164       0x2c ./build/sdk_adc.o
 .ARM.attributes
                0x00000190       0x2c ./build/sdk_bootrom.o
 .ARM.attributes
                0x000001bc       0x2c ./build/sdk_clocks.o
 .ARM.attributes
                0x000001e8       0x2c ./build/sdk_cpu.o
 .ARM.attributes
                0x00000214       0x2c ./build/sdk_dma.o
 .ARM.attributes
                0x00000240       0x2c ./build/sdk_fatal.o
 .ARM.attributes
                0x0000026c       0x2c ./build/sdk_fifo.o
 .ARM.attributes
                0x00000298       0x2c ./build/sdk_flash.o
 .ARM.attributes
                0x000002c4       0x2c ./build/sdk_float.o
 .ARM.attributes
                0x000002f0       0x2c ./build/sdk_gpio.o
 .ARM.attributes
                0x0000031c       0x2c ./build/sdk_irq.o
 .ARM.attributes
                0x00000348       0x2c ./build/sdk_multicore.o
 .ARM.attributes
                0x00000374       0x2c ./build/sdk_pll.o
 .ARM.attributes
                0x000003a0       0x2c ./build/sdk_pwm.o
 .ARM.attributes
                0x000003cc       0x2c ./build/sdk_reset.o
 .ARM.attributes
                0x000003f8       0x2c ./build/sdk_rosc.o
 .ARM.attributes
                0x00000424       0x2c ./build/sdk_rtc.o
 .ARM.attributes
                0x00000450       0x2c ./build/sdk_runtime.o
 .ARM.attributes
                0x0000047c       0x2c ./build/sdk_spi.o
 .ARM.attributes
                0x000004a8       0x2c ./build/sdk_spinlock.o
 .ARM.attributes
                0x000004d4       0x2c ./build/sdk_systick.o
 .ARM.attributes
                0x00000500       0x2c ./build/sdk_timer.o
 .ARM.attributes
                0x0000052c       0x2c ./build/sdk_vreg.o
 .ARM.attributes
                0x00000558       0x2c ./build/sdk_watchdog.o
 .ARM.attributes
                0x00000584       0x2c ./build/sdk_xosc.o
 .ARM.attributes
                0x000005b0       0x2c ./build/sdk_usb_host.o
 .ARM.attributes
                0x000005dc       0x2c ./build/sdk_usb_host_hid.o
 .ARM.attributes
                0x00000608       0x2c ./build/sdk_usb_phy.o
 .ARM.attributes
                0x00000634       0x2c ./build/lib_alarm.o
 .ARM.attributes
                0x00000660       0x2c ./build/lib_config.o
 .ARM.attributes
                0x0000068c       0x2c ./build/lib_crc.o
 .ARM.attributes
                0x000006b8       0x2c ./build/lib_decnum.o
 .ARM.attributes
                0x000006e4       0x2c ./build/lib_draw.o
 .ARM.attributes
                0x00000710       0x2c ./build/lib_event.o
 .ARM.attributes
                0x0000073c       0x2c ./build/lib_list.o
 .ARM.attributes
                0x00000768       0x2c ./build/lib_malloc.o
 .ARM.attributes
                0x00000794       0x2c ./build/lib_print.o
 .ARM.attributes
                0x000007c0       0x2c ./build/lib_pwmsnd.o
 .ARM.attributes
                0x000007ec       0x2c ./build/lib_rand.o
 .ARM.attributes
                0x00000818       0x2c ./build/lib_ring.o
 .ARM.attributes
                0x00000844       0x2c ./build/lib_sd.o
 .ARM.attributes
                0x00000870       0x2c ./build/lib_stream.o
 .ARM.attributes
                0x0000089c       0x2c ./build/lib_text.o
 .ARM.attributes
                0x000008c8       0x2c ./build/lib_textnum.o
 .ARM.attributes
                0x000008f4       0x2c ./build/emu.o
 .ARM.attributes
                0x00000920       0x2c ./build/font_bold_8x16.o
 .ARM.attributes
                0x0000094c       0x2c ./build/st7789.o
 .ARM.attributes
                0x00000978       0x2c ./build/main.o
 .ARM.attributes
                0x000009a4       0x2c ./build/keybup.o
 .ARM.attributes
                0x000009d0       0x2c ./build/keybdn.o
 .ARM.attributes
                0x000009fc       0x2c ./build/lightoff.o
 .ARM.attributes
                0x00000a28       0x2c ./build/lighton.o
 .ARM.attributes
                0x00000a54       0x2c ./build/logo1.o
 .ARM.attributes
                0x00000a80       0x2c ./build/logo2.o
 .ARM.attributes
                0x00000aac       0x2c ./build/busicom.o
 .ARM.attributes
                0x00000ad8       0x2c ./build/print.o
 .ARM.attributes
                0x00000b04       0x2c ./build/idle.o
 .ARM.attributes
                0x00000b30       0x2c ./build/click.o
 .ARM.attributes
                0x00000b5c       0x1e /usr/lib/gcc/arm-none-eabi/14.2.1/thumb/v6-m/nofp/libgcc.a(_thumb1_case_sqi.o)
 .ARM.attributes
                0x00000b7a       0x1e /usr/lib/gcc/arm-none-eabi/14.2.1/thumb/v6-m/nofp/libgcc.a(_thumb1_case_uqi.o)
 .ARM.attributes
                0x00000b98       0x1e /usr/lib/gcc/arm-none-eabi/14.2.1/thumb/v6-m/nofp/libgcc.a(_thumb1_case_uhi.o)
 .ARM.attributes
                0x00000bb6       0x1e /usr/lib/gcc/arm-none-eabi/14.2.1/thumb/v6-m/nofp/libgcc.a(_ashldi3.o)
 .ARM.attributes
                0x00000bd4       0x2c /usr/lib/gcc/arm-none-eabi/14.2.1/../../../arm-none-eabi/lib/thumb/v6-m/nofp/libc.a(libc_a-memcmp.o)

.comment        0x00000000       0x4c
 .comment       0x00000000       0x4c ./build/font_141pf_8x13.o
                                 0x27 (size before relaxing)
 .comment       0x0000004c       0x27 ./build/picopad_bat.o
 .comment       0x0000004c       0x27 ./build/picopad_key.o
 .comment       0x0000004c       0x27 ./build/picopad_led.o
 .comment       0x0000004c       0x27 ./build/picopad_init.o
 .comment       0x0000004c       0x27 ./build/sdk_adc.o
 .comment       0x0000004c       0x27 ./build/sdk_bootrom.o
 .comment       0x0000004c       0x27 ./build/sdk_clocks.o
 .comment       0x0000004c       0x27 ./build/sdk_cpu.o
 .comment       0x0000004c       0x27 ./build/sdk_dma.o
 .comment       0x0000004c       0x27 ./build/sdk_fatal.o
 .comment       0x0000004c       0x27 ./build/sdk_fifo.o
 .comment       0x0000004c       0x27 ./build/sdk_flash.o
 .comment       0x0000004c       0x27 ./build/sdk_float.o
 .comment       0x0000004c       0x27 ./build/sdk_gpio.o
 .comment       0x0000004c       0x27 ./build/sdk_irq.o
 .comment       0x0000004c       0x27 ./build/sdk_multicore.o
 .comment       0x0000004c       0x27 ./build/sdk_pll.o
 .comment       0x0000004c       0x27 ./build/sdk_pwm.o
 .comment       0x0000004c       0x27 ./build/sdk_reset.o
 .comment       0x0000004c       0x27 ./build/sdk_rosc.o
 .comment       0x0000004c       0x27 ./build/sdk_rtc.o
 .comment       0x0000004c       0x27 ./build/sdk_runtime.o
 .comment       0x0000004c       0x27 ./build/sdk_spi.o
 .comment       0x0000004c       0x27 ./build/sdk_spinlock.o
 .comment       0x0000004c       0x27 ./build/sdk_systick.o
 .comment       0x0000004c       0x27 ./build/sdk_timer.o
 .comment       0x0000004c       0x27 ./build/sdk_vreg.o
 .comment       0x0000004c       0x27 ./build/sdk_watchdog.o
 .comment       0x0000004c       0x27 ./build/sdk_xosc.o
 .comment       0x0000004c       0x27 ./build/sdk_usb_host.o
 .comment       0x0000004c       0x27 ./build/sdk_usb_host_hid.o
 .comment       0x0000004c       0x27 ./build/sdk_usb_phy.o
 .comment       0x0000004c       0x27 ./build/lib_alarm.o
 .comment       0x0000004c       0x27 ./build/lib_config.o
 .comment       0x0000004c       0x27 ./build/lib_crc.o
 .comment       0x0000004c       0x27 ./build/lib_decnum.o
 .comment       0x0000004c       0x27 ./build/lib_draw.o
 .comment       0x0000004c       0x27 ./build/lib_event.o
 .comment       0x0000004c       0x27 ./build/lib_list.o
 .comment       0x0000004c       0x27 ./build/lib_malloc.o
 .comment       0x0000004c       0x27 ./build/lib_print.o
 .comment       0x0000004c       0x27 ./build/lib_pwmsnd.o
 .comment       0x0000004c       0x27 ./build/lib_rand.o
 .comment       0x0000004c       0x27 ./build/lib_ring.o
 .comment       0x0000004c       0x27 ./build/lib_sd.o
 .comment       0x0000004c       0x27 ./build/lib_stream.o
 .comment       0x0000004c       0x27 ./build/lib_text.o
 .comment       0x0000004c       0x27 ./build/lib_textnum.o
 .comment       0x0000004c       0x27 ./build/emu.o
 .comment       0x0000004c       0x27 ./build/font_bold_8x16.o
 .comment       0x0000004c       0x27 ./build/st7789.o
 .comment       0x0000004c       0x27 ./build/main.o
 .comment       0x0000004c       0x27 ./build/keybup.o
 .comment       0x0000004c       0x27 ./build/keybdn.o
 .comment       0x0000004c       0x27 ./build/lightoff.o
 .comment       0x0000004c       0x27 ./build/lighton.o
 .comment       0x0000004c       0x27 ./build/logo1.o
 .comment       0x0000004c       0x27 ./build/logo2.o
 .comment       0x0000004c       0x27 ./build/busicom.o
 .comment       0x0000004c       0x27 ./build/print.o
 .comment       0x0000004c       0x27 ./build/idle.o
 .comment       0x0000004c       0x27 ./build/click.o
 .comment       0x0000004c       0x27 /usr/lib/gcc/arm-none-eabi/14.2.1/../../../arm-none-eabi/lib/thumb/v6-m/nofp/libc.a(libc_a-memcmp.o)

.debug_line     0x00000000      0x2b4
 .debug_line    0x00000000       0x52 /usr/lib/gcc/arm-none-eabi/14.2.1/thumb/v6-m/nofp/libgcc.a(_thumb1_case_sqi.o)
 .debug_line    0x00000052       0x52 /usr/lib/gcc/arm-none-eabi/14.2.1/thumb/v6-m/nofp/libgcc.a(_thumb1_case_uqi.o)
 .debug_line    0x000000a4       0x53 /usr/lib/gcc/arm-none-eabi/14.2.1/thumb/v6-m/nofp/libgcc.a(_thumb1_case_uhi.o)
 .debug_line    0x000000f7       0x55 /usr/lib/gcc/arm-none-eabi/14.2.1/thumb/v6-m/nofp/libgcc.a(_ashldi3.o)
 .debug_line    0x0000014c      0x168 /usr/lib/gcc/arm-none-eabi/14.2.1/../../../arm-none-eabi/lib/thumb/v6-m/nofp/libc.a(libc_a-memcmp.o)

.debug_line_str
                0x00000000       0x90
 .debug_line_str
                0x00000000       0x90 /usr/lib/gcc/arm-none-eabi/14.2.1/thumb/v6-m/nofp/libgcc.a(_thumb1_case_sqi.o)
 .debug_line_str
                0x00000090       0x90 /usr/lib/gcc/arm-none-eabi/14.2.1/thumb/v6-m/nofp/libgcc.a(_thumb1_case_uqi.o)
 .debug_line_str
                0x00000090       0x90 /usr/lib/gcc/arm-none-eabi/14.2.1/thumb/v6-m/nofp/libgcc.a(_thumb1_case_uhi.o)
 .debug_line_str
                0x00000090       0x90 /usr/lib/gcc/arm-none-eabi/14.2.1/thumb/v6-m/nofp/libgcc.a(_ashldi3.o)

.debug_info     0x00000000      0x1fa
 .debug_info    0x00000000       0x31 /usr/lib/gcc/arm-none-eabi/14.2.1/thumb/v6-m/nofp/libgcc.a(_thumb1_case_sqi.o)
 .debug_info    0x00000031       0x31 /usr/lib/gcc/arm-none-eabi/14.2.1/thumb/v6-m/nofp/libgcc.a(_thumb1_case_uqi.o)
 .debug_info    0x00000062       0x31 /usr/lib/gcc/arm-none-eabi/14.2.1/thumb/v6-m/nofp/libgcc.a(_thumb1_case_uhi.o)
 .debug_info    0x00000093       0x3c /usr/lib/gcc/arm-none-eabi/14.2.1/thumb/v6-m/nofp/libgcc.a(_ashldi3.o)
 .debug_info    0x000000cf      0x12b /usr/lib/gcc/arm-none-eabi/14.2.1/../../../arm-none-eabi/lib/thumb/v6-m/nofp/libc.a(libc_a-memcmp.o)

.debug_abbrev   0x00000000      0x130
 .debug_abbrev  0x00000000       0x28 /usr/lib/gcc/arm-none-eabi/14.2.1/thumb/v6-m/nofp/libgcc.a(_thumb1_case_sqi.o)
 .debug_abbrev  0x00000028       0x28 /usr/lib/gcc/arm-none-eabi/14.2.1/thumb/v6-m/nofp/libgcc.a(_thumb1_case_uqi.o)
 .debug_abbrev  0x00000050       0x28 /usr/lib/gcc/arm-none-eabi/14.2.1/thumb/v6-m/nofp/libgcc.a(_thumb1_case_uhi.o)
 .debug_abbrev  0x00000078       0x28 /usr/lib/gcc/arm-none-eabi/14.2.1/thumb/v6-m/nofp/libgcc.a(_ashldi3.o)
 .debug_abbrev  0x000000a0       0x90 /usr/lib/gcc/arm-none-eabi/14.2.1/../../../arm-none-eabi/lib/thumb/v6-m/nofp/libc.a(libc_a-memcmp.o)

.debug_aranges  0x00000000       0xa0
 .debug_aranges
                0x00000000       0x20 /usr/lib/gcc/arm-none-eabi/14.2.1/thumb/v6-m/nofp/libgcc.a(_thumb1_case_sqi.o)
 .debug_aranges
                0x00000020       0x20 /usr/lib/gcc/arm-none-eabi/14.2.1/thumb/v6-m/nofp/libgcc.a(_thumb1_case_uqi.o)
 .debug_aranges
                0x00000040       0x20 /usr/lib/gcc/arm-none-eabi/14.2.1/thumb/v6-m/nofp/libgcc.a(_thumb1_case_uhi.o)
 .debug_aranges
                0x00000060       0x20 /usr/lib/gcc/arm-none-eabi/14.2.1/thumb/v6-m/nofp/libgcc.a(_ashldi3.o)
 .debug_aranges
                0x00000080       0x20 /usr/lib/gcc/arm-none-eabi/14.2.1/../../../arm-none-eabi/lib/thumb/v6-m/nofp/libc.a(libc_a-memcmp.o)

.debug_str      0x00000000      0x250
 .debug_str     0x00000000      0x250 /usr/lib/gcc/arm-none-eabi/14.2.1/thumb/v6-m/nofp/libgcc.a(_thumb1_case_sqi.o)
                                 0xb5 (size before relaxing)
 .debug_str     0x00000250       0xb5 /usr/lib/gcc/arm-none-eabi/14.2.1/thumb/v6-m/nofp/libgcc.a(_thumb1_case_uqi.o)
 .debug_str     0x00000250       0xb5 /usr/lib/gcc/arm-none-eabi/14.2.1/thumb/v6-m/nofp/libgcc.a(_thumb1_case_uhi.o)
 .debug_str     0x00000250       0xb6 /usr/lib/gcc/arm-none-eabi/14.2.1/thumb/v6-m/nofp/libgcc.a(_ashldi3.o)
 .debug_str     0x00000250      0x191 /usr/lib/gcc/arm-none-eabi/14.2.1/../../../arm-none-eabi/lib/thumb/v6-m/nofp/libc.a(libc_a-memcmp.o)

.debug_loclists
                0x00000000      0x128
 .debug_loclists
                0x00000000      0x128 /usr/lib/gcc/arm-none-eabi/14.2.1/../../../arm-none-eabi/lib/thumb/v6-m/nofp/libc.a(libc_a-memcmp.o)

.debug_frame    0x00000000       0x2c
 .debug_frame   0x00000000       0x2c /usr/lib/gcc/arm-none-eabi/14.2.1/../../../arm-none-eabi/lib/thumb/v6-m/nofp/libc.a(libc_a-memcmp.o)
